Archive member included to satisfy reference by file (symbol)

app/libapp.a(main.c.obj)      (--whole-archive)
zephyr/libzephyr.a(getopt.c.obj)
                              (--whole-archive)
zephyr/libzephyr.a(getopt_common.c.obj)
                              (--whole-archive)
zephyr/libzephyr.a(heap.c.obj)
                              (--whole-archive)
zephyr/libzephyr.a(cbprintf_packaged.c.obj)
                              (--whole-archive)
zephyr/libzephyr.a(printk.c.obj)
                              (--whole-archive)
zephyr/libzephyr.a(sem.c.obj)
                              (--whole-archive)
zephyr/libzephyr.a(thread_entry.c.obj)
                              (--whole-archive)
zephyr/libzephyr.a(cbprintf_complete.c.obj)
                              (--whole-archive)
zephyr/libzephyr.a(assert.c.obj)
                              (--whole-archive)
zephyr/libzephyr.a(reboot.c.obj)
                              (--whole-archive)
zephyr/libzephyr.a(dec.c.obj)
                              (--whole-archive)
zephyr/libzephyr.a(hex.c.obj)
                              (--whole-archive)
zephyr/libzephyr.a(rb.c.obj)  (--whole-archive)
zephyr/libzephyr.a(timeutil.c.obj)
                              (--whole-archive)
zephyr/libzephyr.a(bitarray.c.obj)
                              (--whole-archive)
zephyr/libzephyr.a(ring_buffer.c.obj)
                              (--whole-archive)
zephyr/libzephyr.a(configs.c.obj)
                              (--whole-archive)
zephyr/libzephyr.a(stm32cube_hal.c.obj)
                              (--whole-archive)
zephyr/libzephyr.a(soc_config.c.obj)
                              (--whole-archive)
zephyr/libzephyr.a(soc.c.obj)
                              (--whole-archive)
zephyr/libzephyr.a(mem_attr.c.obj)
                              (--whole-archive)
zephyr/libzephyr.a(tracing_none.c.obj)
                              (--whole-archive)
zephyr/libzephyr.a(kernel_service.c.obj)
                              (--whole-archive)
zephyr/libzephyr.a(device_service.c.obj)
                              (--whole-archive)
zephyr/libzephyr.a(devmem_service.c.obj)
                              (--whole-archive)
zephyr/libzephyr.a(shell_uart.c.obj)
                              (--whole-archive)
zephyr/libzephyr.a(shell.c.obj)
                              (--whole-archive)
zephyr/libzephyr.a(shell_fprintf.c.obj)
                              (--whole-archive)
zephyr/libzephyr.a(shell_utils.c.obj)
                              (--whole-archive)
zephyr/libzephyr.a(shell_ops.c.obj)
                              (--whole-archive)
zephyr/libzephyr.a(shell_help.c.obj)
                              (--whole-archive)
zephyr/libzephyr.a(shell_cmds.c.obj)
                              (--whole-archive)
zephyr/libzephyr.a(shell_history.c.obj)
                              (--whole-archive)
zephyr/libzephyr.a(shell_wildcard.c.obj)
                              (--whole-archive)
zephyr/arch/common/libarch__common.a(sw_isr_common.c.obj)
                              (--whole-archive)
zephyr/arch/arch/arm/core/libarch__arm__core.a(fatal.c.obj)
                              (--whole-archive)
zephyr/arch/arch/arm/core/libarch__arm__core.a(nmi.c.obj)
                              (--whole-archive)
zephyr/arch/arch/arm/core/libarch__arm__core.a(nmi_on_reset.S.obj)
                              (--whole-archive)
zephyr/arch/arch/arm/core/libarch__arm__core.a(tls.c.obj)
                              (--whole-archive)
zephyr/arch/arch/arm/core/cortex_m/libarch__arm__core__cortex_m.a(exc_exit.c.obj)
                              (--whole-archive)
zephyr/arch/arch/arm/core/cortex_m/libarch__arm__core__cortex_m.a(fault.c.obj)
                              (--whole-archive)
zephyr/arch/arch/arm/core/cortex_m/libarch__arm__core__cortex_m.a(fault_s.S.obj)
                              (--whole-archive)
zephyr/arch/arch/arm/core/cortex_m/libarch__arm__core__cortex_m.a(fpu.c.obj)
                              (--whole-archive)
zephyr/arch/arch/arm/core/cortex_m/libarch__arm__core__cortex_m.a(reset.S.obj)
                              (--whole-archive)
zephyr/arch/arch/arm/core/cortex_m/libarch__arm__core__cortex_m.a(scb.c.obj)
                              (--whole-archive)
zephyr/arch/arch/arm/core/cortex_m/libarch__arm__core__cortex_m.a(thread_abort.c.obj)
                              (--whole-archive)
zephyr/arch/arch/arm/core/cortex_m/libarch__arm__core__cortex_m.a(vector_table.S.obj)
                              (--whole-archive)
zephyr/arch/arch/arm/core/cortex_m/libarch__arm__core__cortex_m.a(swap.c.obj)
                              (--whole-archive)
zephyr/arch/arch/arm/core/cortex_m/libarch__arm__core__cortex_m.a(swap_helper.S.obj)
                              (--whole-archive)
zephyr/arch/arch/arm/core/cortex_m/libarch__arm__core__cortex_m.a(irq_manage.c.obj)
                              (--whole-archive)
zephyr/arch/arch/arm/core/cortex_m/libarch__arm__core__cortex_m.a(prep_c.c.obj)
[...]
Memory Configuration

Name             Origin             Length             Attributes
FLASH            0x0000000008000000 0x0000000000080000 xr
RAM              0x0000000020000000 0x0000000000020000 xw
IDT_LIST         0x00000000ffff7fff 0x0000000000008000 xw
*default*        0x0000000000000000 0xffffffffffffffff

Linker script and memory map

                0x00000000080055fc                vfprintf = __l_vfprintf
                0x0000000000000000                vfscanf = __l_vfscanf
LOAD zephyr/CMakeFiles/zephyr_pre0.dir/misc/empty_file.c.obj
LOAD zephyr/CMakeFiles/offsets.dir/./arch/arm/core/offsets/offsets.c.obj
LOAD app/libapp.a
LOAD zephyr/libzephyr.a
LOAD zephyr/arch/common/libarch__common.a
LOAD zephyr/arch/arch/arm/core/libarch__arm__core.a
LOAD zephyr/arch/arch/arm/core/cortex_m/libarch__arm__core__cortex_m.a
LOAD zephyr/arch/arch/arm/core/mpu/libarch__arm__core__mpu.a
LOAD zephyr/lib/libc/picolibc/liblib__libc__picolibc.a
LOAD zephyr/lib/libc/common/liblib__libc__common.a
LOAD zephyr/lib/posix/options/liblib__posix__options.a
LOAD zephyr/drivers/interrupt_controller/libdrivers__interrupt_controller.a
LOAD zephyr/drivers/clock_control/libdrivers__clock_control.a
LOAD zephyr/drivers/console/libdrivers__console.a
LOAD zephyr/drivers/gpio/libdrivers__gpio.a
LOAD zephyr/drivers/pinctrl/libdrivers__pinctrl.a
LOAD zephyr/drivers/reset/libdrivers__reset.a
LOAD zephyr/drivers/serial/libdrivers__serial.a
LOAD zephyr/drivers/timer/libdrivers__timer.a
LOAD modules/stm32/stm32cube/lib..__modules__hal__stm32__stm32cube.a
LOAD zephyr/kernel/libkernel.a
LOAD /home/rjhkquantum88/zephyr-sdk-0.16.5-1/arm-zephyr-eabi/bin/../lib/gcc/arm-zephyr-eabi/12.2.0/thumb/v7e-m/nofp/libgcc.a
LOAD zephyr/arch/common/libisr_tables.a
LOAD /home/rjhkquantum88/zephyr-sdk-0.16.5-1/arm-zephyr-eabi/bin/../lib/gcc/../../picolibc/arm-zephyr-eabi/lib/thumb/v7e-m/nofp/libc.a
LOAD /home/rjhkquantum88/zephyr-sdk-0.16.5-1/arm-zephyr-eabi/bin/../lib/gcc/arm-zephyr-eabi/12.2.0/thumb/v7e-m/nofp/libgcc.a
                0x0000000000000020                _region_min_align = 0x20

.rel.plt        0x0000000008000000        0x0
 *(SORT_BY_ALIGNMENT(.rel.plt))
                [!provide]                        PROVIDE (__rel_iplt_start = .)
 *(SORT_BY_ALIGNMENT(.rel.iplt))
 .rel.iplt      0x0000000008000000        0x0 app/libapp.a(main.c.obj)
                [!provide]                        PROVIDE (__rel_iplt_end = .)

.rela.plt       0x0000000000000000        0x0
 *(SORT_BY_ALIGNMENT(.rela.plt))
                [!provide]                        PROVIDE (__rela_iplt_start = .)
 *(SORT_BY_ALIGNMENT(.rela.iplt))
                [!provide]                        PROVIDE (__rela_iplt_end = .)

.rel.dyn
 *(SORT_BY_ALIGNMENT(.rel.*))

.rela.dyn
 *(SORT_BY_ALIGNMENT(.rela.*))

/DISCARD/
 *(SORT_BY_ALIGNMENT(.plt))

/DISCARD/
 *(SORT_BY_ALIGNMENT(.iplt))
                0x0000000008000000                __rom_region_start = 0x8000000

rom_start       0x0000000008000000      0x1d8
                0x0000000008000000                __rom_start_address = .
 FILL mask 0x00
                0x0000000008000000                . = (. + (0x0 - (. - __rom_start_address)))
                0x0000000008000000                . = ALIGN (0x4)
                0x0000000008000000                . = ALIGN (0x80)
                0x0000000008000000                . = ALIGN (0x200)
                0x0000000008000000                _vector_start = .
 *(SORT_BY_ALIGNMENT(.exc_vector_table))
 *(SORT_BY_ALIGNMENT(.exc_vector_table.*))
 .exc_vector_table._vector_table_section
                0x0000000008000000       0x40 zephyr/arch/arch/arm/core/cortex_m/libarch__arm__core__cortex_m.a(vector_table.S.obj)
                0x0000000008000000                _vector_table
 *(SORT_BY_ALIGNMENT(.vectors))
                0x00000000080001d8                _vector_end = .
                0x0000000008000040                . = ALIGN (0x4)
 *(SORT_BY_ALIGNMENT(.gnu.linkonce.irq_vector_table*))
 .gnu.linkonce.irq_vector_table
                0x0000000008000040      0x198 zephyr/arch/common/libisr_tables.a(isr_tables.c.obj)
                0x0000000008000040                _irq_vector_table
                0x00000000080001d8                _vector_end = .

text            0x00000000080001d8     0x7f68
                0x00000000080001d8                __text_region_start = .
 *(SORT_BY_ALIGNMENT(.text))
 .text          0x00000000080001d8       0xa0 /home/rjhkquantum88/zephyr-sdk-0.16.5-1/arm-zephyr-eabi/bin/../lib/gcc/arm-zephyr-eabi/12.2.0/thumb/v7e-m/nofp/libgcc.a(_aeabi_ldivmod.o)
                0x00000000080001d8                __aeabi_ldivmod
 .text          0x0000000008000278       0x30 /home/rjhkquantum88/zephyr-sdk-0.16.5-1/arm-zephyr-eabi/bin/../lib/gcc/arm-zephyr-eabi/12.2.0/thumb/v7e-m/nofp/libgcc.a(_aeabi_uldivmod.o)
                0x0000000008000278                __aeabi_uldivmod
 .text          0x00000000080002a8        0x4 /home/rjhkquantum88/zephyr-sdk-0.16.5-1/arm-zephyr-eabi/bin/../lib/gcc/arm-zephyr-eabi/12.2.0/thumb/v7e-m/nofp/libgcc.a(_dvmd_tls.o)
                0x00000000080002a8                __aeabi_ldiv0
                0x00000000080002a8                __aeabi_idiv0
 .text          0x00000000080002ac      0x2a0 /home/rjhkquantum88/zephyr-sdk-0.16.5-1/arm-zephyr-eabi/bin/../lib/gcc/arm-zephyr-eabi/12.2.0/thumb/v7e-m/nofp/libgcc.a(_udivmoddi4.o)
                0x00000000080002ac                __udivmoddi4
 .text          0x000000000800054c       0x14 /home/rjhkquantum88/zephyr-sdk-0.16.5-1/arm-zephyr-eabi/bin/../lib/gcc/../../picolibc/arm-zephyr-eabi/lib/thumb/v7e-m/nofp/libc.a(strcmp.S.o)
                0x000000000800054c                strcmp
 .text          0x0000000008000560       0x10 /home/rjhkquantum88/zephyr-sdk-0.16.5-1/arm-zephyr-eabi/bin/../lib/gcc/../../picolibc/arm-zephyr-eabi/lib/thumb/v7e-m/nofp/libc.a(strcpy.S.o)
                0x0000000008000560                strcpy
 .text          0x0000000008000570       0x10 /home/rjhkquantum88/zephyr-sdk-0.16.5-1/arm-zephyr-eabi/bin/../lib/gcc/../../picolibc/arm-zephyr-eabi/lib/thumb/v7e-m/nofp/libc.a(strlen.S.o)
                0x0000000008000570                strlen
 *(SORT_BY_ALIGNMENT(.text.*))
 .text.cmd_kernel_uptime
                0x0000000008000580       0xe8 zephyr/libzephyr.a(kernel_service.c.obj)
 .text.cmd_blink_off
                0x0000000008000668       0x38 app/libapp.a(main.c.obj)
 .text.main     0x00000000080006a0       0x78 app/libapp.a(main.c.obj)
                0x00000000080006a0                main
 .text.getopt_init
                0x0000000008000718       0x48 zephyr/libzephyr.a(getopt.c.obj)
                0x0000000008000718                getopt_init
 .text.getopt   0x0000000008000760       0xf8 zephyr/libzephyr.a(getopt.c.obj)
                0x0000000008000760                getopt
 .text.z_getopt_global_state_update
                0x0000000008000858       0x34 zephyr/libzephyr.a(getopt_common.c.obj)
                0x0000000008000858                z_getopt_global_state_update
 .text.getopt_state_get
                0x000000000800088c        0x8 zephyr/libzephyr.a(getopt_common.c.obj)
                0x000000000800088c                getopt_state_get
 .text.char_out
                0x0000000008000894        0xc zephyr/libzephyr.a(printk.c.obj)
 .text.vprintk  0x00000000080008a0       0x30 zephyr/libzephyr.a(printk.c.obj)
                0x00000000080008a0                vprintk
 .text.__printk_hook_install
                0x00000000080008d0        0xc zephyr/libzephyr.a(printk.c.obj)
                0x00000000080008d0                __printk_hook_install
 .text.z_thread_entry
                0x00000000080008dc       0x34 zephyr/libzephyr.a(thread_entry.c.obj)
                0x00000000080008dc                z_thread_entry
 .text.sys_reboot
                0x0000000008000910       0x2c zephyr/libzephyr.a(reboot.c.obj)
                0x0000000008000910                sys_reboot
 .text.st_stm32_common_config
                0x000000000800093c       0x14 zephyr/libzephyr.a(soc_config.c.obj)
 .text.stm32g4_init
                0x0000000008000950       0x4c zephyr/libzephyr.a(soc.c.obj)
 .text.mem_attr_get_regions
                0x000000000800099c        0xc zephyr/libzephyr.a(mem_attr.c.obj)
                0x000000000800099c                mem_attr_get_regions
 .text.cmd_kernel_version
                0x00000000080009a8       0x18 zephyr/libzephyr.a(kernel_service.c.obj)
 .text.cmd_kernel_threads
                0x00000000080009c0       0x38 zephyr/libzephyr.a(kernel_service.c.obj)
 .text.shell_tdata_dump
                0x00000000080009f8       0xd0 zephyr/libzephyr.a(kernel_service.c.obj)
 .text.cmd_kernel_stacks
                0x0000000008000ac8       0x74 zephyr/libzephyr.a(kernel_service.c.obj)
 .text.cmd_kernel_cycles
                0x0000000008000b3c       0x1c zephyr/libzephyr.a(kernel_service.c.obj)
 .text.cmd_kernel_sleep
                0x0000000008000b58       0x40 zephyr/libzephyr.a(kernel_service.c.obj)
 .text.shell_stack_dump
                0x0000000008000b98       0x64 zephyr/libzephyr.a(kernel_service.c.obj)
 .text.cmd_device_list
                0x0000000008000bfc       0x8c zephyr/libzephyr.a(device_service.c.obj)
 .text.cmd_devmem
                0x0000000008000c88       0xcc zephyr/libzephyr.a(devmem_service.c.obj)
 .text.cmd_dump
                0x0000000008000d54      0x194 zephyr/libzephyr.a(devmem_service.c.obj)
 .text.set_bypass.isra.0
                0x0000000008000ee8       0x50 zephyr/libzephyr.a(devmem_service.c.obj)
 .text.bypass_cb
                0x0000000008000f38      0x118 zephyr/libzephyr.a(devmem_service.c.obj)
 .text.cmd_load
                0x0000000008001050       0xd8 zephyr/libzephyr.a(devmem_service.c.obj)
 .text.enable_shell_uart
                0x0000000008001128       0x34 zephyr/libzephyr.a(shell_uart.c.obj)
 .text.init     0x000000000800115c       0x60 zephyr/libzephyr.a(shell_uart.c.obj)
 .text.shell_internal_help_print
                0x00000000080011bc       0x20 zephyr/libzephyr.a(shell.c.obj)
 .text.kill_handler
                0x00000000080011dc       0x50 zephyr/libzephyr.a(shell.c.obj)
 .text.z_cursor_next_line_move.isra.0
                0x000000000800122c        0xc zephyr/libzephyr.a(shell.c.obj)
 .text.history_handle
                0x0000000008001238       0xac zephyr/libzephyr.a(shell.c.obj)
 .text.execute  0x00000000080012e4      0x2c8 zephyr/libzephyr.a(shell.c.obj)
 .text.state_set.constprop.0
                0x00000000080015ac       0x4c zephyr/libzephyr.a(shell.c.obj)
 .text.shell_process
                0x00000000080015f8      0x6bc zephyr/libzephyr.a(shell.c.obj)
                0x00000000080015f8                shell_process
 .text.shell_start
                0x0000000008001cb4       0x54 zephyr/libzephyr.a(shell.c.obj)
                0x0000000008001cb4                shell_start
 .text.shell_thread
                0x0000000008001d08       0xc4 zephyr/libzephyr.a(shell.c.obj)
                0x0000000008001d08                shell_thread
 .text.cmd_help
                0x0000000008001dcc       0x4c zephyr/libzephyr.a(shell.c.obj)
 .text.shell_hexdump_line
                0x0000000008001e18       0xe4 zephyr/libzephyr.a(shell.c.obj)
                0x0000000008001e18                shell_hexdump_line
 .text.shell_init
                0x0000000008001efc       0xe8 zephyr/libzephyr.a(shell.c.obj)
                0x0000000008001efc                shell_init
 .text.z_shell_fprintf_fmt
                0x0000000008001fe4       0x28 zephyr/libzephyr.a(shell_fprintf.c.obj)
                0x0000000008001fe4                z_shell_fprintf_fmt
 .text.z_shell_cmd_get
                0x000000000800200c       0x74 zephyr/libzephyr.a(shell_utils.c.obj)
                0x000000000800200c                z_shell_cmd_get
 .text.shell_strtoul
                0x0000000008002080       0x54 zephyr/libzephyr.a(shell_utils.c.obj)
                0x0000000008002080                shell_strtoul
 .text.z_clear_eos
                0x00000000080020d4       0x18 zephyr/libzephyr.a(shell_ops.c.obj)
 .text.z_cursor_next_line_move.isra.0
                0x00000000080020ec        0xc zephyr/libzephyr.a(shell_ops.c.obj)
 .text.z_shell_op_cursor_vert_move
                0x00000000080020f8       0x2c zephyr/libzephyr.a(shell_ops.c.obj)
                0x00000000080020f8                z_shell_op_cursor_vert_move
 .text.z_shell_op_cursor_horiz_move
                0x0000000008002124       0x2c zephyr/libzephyr.a(shell_ops.c.obj)
                0x0000000008002124                z_shell_op_cursor_horiz_move
 .text.z_shell_print_cmd
                0x0000000008002150       0x78 zephyr/libzephyr.a(shell_ops.c.obj)
                0x0000000008002150                z_shell_print_cmd
 .text.z_shell_vt100_color_set
                0x00000000080021c8       0x40 zephyr/libzephyr.a(shell_ops.c.obj)
                0x00000000080021c8                z_shell_vt100_color_set
 .text.z_shell_vt100_colors_restore
                0x0000000008002208       0x3c zephyr/libzephyr.a(shell_ops.c.obj)
                0x0000000008002208                z_shell_vt100_colors_restore
 .text.z_shell_op_word_remove
                0x0000000008002244       0xc8 zephyr/libzephyr.a(shell_ops.c.obj)
                0x0000000008002244                z_shell_op_word_remove
 .text.reprint_from_cursor
                0x000000000800230c       0x7c zephyr/libzephyr.a(shell_ops.c.obj)
 .text.z_shell_op_char_insert
                0x0000000008002388       0x70 zephyr/libzephyr.a(shell_ops.c.obj)
                0x0000000008002388                z_shell_op_char_insert
 .text.z_shell_print_prompt_and_cmd
                0x00000000080023f8       0x30 zephyr/libzephyr.a(shell_ops.c.obj)
                0x00000000080023f8                z_shell_print_prompt_and_cmd
 .text.z_cursor_next_line_move.isra.0
                0x0000000008002428        0xc zephyr/libzephyr.a(shell_help.c.obj)
 .text.z_shell_help_subcmd_print
                0x0000000008002434       0xb4 zephyr/libzephyr.a(shell_help.c.obj)
                0x0000000008002434                z_shell_help_subcmd_print
 .text.z_shell_help_cmd_print
                0x00000000080024e8       0x40 zephyr/libzephyr.a(shell_help.c.obj)
                0x00000000080024e8                z_shell_help_cmd_print
 .text.z_shell_help_request
                0x0000000008002528       0x28 zephyr/libzephyr.a(shell_help.c.obj)
                0x0000000008002528                z_shell_help_request
 .text.cmd_resize_default
                0x0000000008002550       0x2c zephyr/libzephyr.a(shell_cmds.c.obj)
 .text.cmd_shell_stats_show
                0x000000000800257c       0x18 zephyr/libzephyr.a(shell_cmds.c.obj)
 .text.cmd_backends
                0x0000000008002594       0x54 zephyr/libzephyr.a(shell_cmds.c.obj)
 .text.cmd_prompt_off
                0x00000000080025e8       0x10 zephyr/libzephyr.a(shell_cmds.c.obj)
 .text.cmd_history
                0x00000000080025f8       0x44 zephyr/libzephyr.a(shell_cmds.c.obj)
 .text.cmd_get_retval
                0x000000000800263c       0x1c zephyr/libzephyr.a(shell_cmds.c.obj)
 .text.cmd_echo
                0x0000000008002658       0x58 zephyr/libzephyr.a(shell_cmds.c.obj)
 .text.cmd_clear
                0x00000000080026b0       0x34 zephyr/libzephyr.a(shell_cmds.c.obj)
 .text.cmd_resize
                0x00000000080026e4      0x1a8 zephyr/libzephyr.a(shell_cmds.c.obj)
 .text.z_shell_wildcard_process
                0x000000000800288c       0xe4 zephyr/libzephyr.a(shell_wildcard.c.obj)
                0x000000000800288c                z_shell_wildcard_process
 .text.z_arm_nmi
                0x0000000008002970       0x14 zephyr/arch/arch/arm/core/libarch__arm__core.a(nmi.c.obj)
                0x0000000008002970                z_arm_nmi
 .text.z_SysNmiOnReset
                0x0000000008002984        0x8 zephyr/arch/arch/arm/core/libarch__arm__core.a(nmi_on_reset.S.obj)
                0x0000000008002984                z_SysNmiOnReset
 .text.arch_tls_stack_setup
                0x000000000800298c       0x40 zephyr/arch/arch/arm/core/libarch__arm__core.a(tls.c.obj)
                0x000000000800298c                arch_tls_stack_setup
 .text._HandlerModeExit
                0x00000000080029cc       0x28 zephyr/arch/arch/arm/core/cortex_m/libarch__arm__core__cortex_m.a(exc_exit.c.obj)
                0x00000000080029cc                z_arm_exc_exit
                0x00000000080029cc                z_arm_int_exit
 .text.mem_manage_fault
                0x00000000080029f4       0xa0 zephyr/arch/arch/arm/core/cortex_m/libarch__arm__core__cortex_m.a(fault.c.obj)
 .text.usage_fault.constprop.0
                0x0000000008002a94       0x54 zephyr/arch/arch/arm/core/cortex_m/libarch__arm__core__cortex_m.a(fault.c.obj)
 .text.bus_fault.constprop.0
                0x0000000008002ae8       0x6c zephyr/arch/arch/arm/core/cortex_m/libarch__arm__core__cortex_m.a(fault.c.obj)
 .text.z_arm_fault
                0x0000000008002b54      0x128 zephyr/arch/arch/arm/core/cortex_m/libarch__arm__core__cortex_m.a(fault.c.obj)
                0x0000000008002b54                z_arm_fault
 .text.z_arm_fault_init
                0x0000000008002c7c       0x10 zephyr/arch/arch/arm/core/cortex_m/libarch__arm__core__cortex_m.a(fault.c.obj)
                0x0000000008002c7c                z_arm_fault_init
 .text.__fault  0x0000000008002c8c       0x14 zephyr/arch/arch/arm/core/cortex_m/libarch__arm__core__cortex_m.a(fault_s.S.obj)
                0x0000000008002c8c                z_arm_bus_fault
                0x0000000008002c8c                z_arm_usage_fault
                0x0000000008002c8c                z_arm_mpu_fault
                0x0000000008002c8c                z_arm_exc_spurious
                0x0000000008002c8c                z_arm_debug_monitor
                0x0000000008002c8c                z_arm_hard_fault
 .text._reset_section
                0x0000000008002ca0       0x38 zephyr/arch/arch/arm/core/cortex_m/libarch__arm__core__cortex_m.a(reset.S.obj)
                0x0000000008002ca0                z_arm_reset
                0x0000000008002ca0                __start
 .text.sys_arch_reboot
                0x0000000008002cd8       0x24 zephyr/arch/arch/arm/core/cortex_m/libarch__arm__core__cortex_m.a(scb.c.obj)
                0x0000000008002cd8                sys_arch_reboot
 .text.z_impl_k_thread_abort
                0x0000000008002cfc       0x2c zephyr/arch/arch/arm/core/cortex_m/libarch__arm__core__cortex_m.a(thread_abort.c.obj)
                0x0000000008002cfc                z_impl_k_thread_abort
 .text.arch_swap
                0x0000000008002d28       0x34 zephyr/arch/arch/arm/core/cortex_m/libarch__arm__core__cortex_m.a(swap.c.obj)
                0x0000000008002d28                arch_swap
 .text.z_arm_pendsv_c
                0x0000000008002d5c       0x50 zephyr/arch/arch/arm/core/cortex_m/libarch__arm__core__cortex_m.a(swap.c.obj)
                0x0000000008002d5c                z_arm_pendsv_c
 .text.z_arm_pendsv
                0x0000000008002dac       0x34 zephyr/arch/arch/arm/core/cortex_m/libarch__arm__core__cortex_m.a(swap_helper.S.obj)
                0x0000000008002dac                z_arm_pendsv
 .text.z_arm_svc
                0x0000000008002de0       0x20 zephyr/arch/arch/arm/core/cortex_m/libarch__arm__core__cortex_m.a(swap_helper.S.obj)
                0x0000000008002de0                z_arm_svc
 .text.arch_irq_enable
                0x0000000008002e00       0x1c zephyr/arch/arch/arm/core/cortex_m/libarch__arm__core__cortex_m.a(irq_manage.c.obj)
                0x0000000008002e00                arch_irq_enable
 .text.z_arm_irq_priority_set
                0x0000000008002e1c       0x30 zephyr/arch/arch/arm/core/cortex_m/libarch__arm__core__cortex_m.a(irq_manage.c.obj)
                0x0000000008002e1c                z_arm_irq_priority_set
 .text.z_prep_c
                0x0000000008002e4c       0x48 zephyr/arch/arch/arm/core/cortex_m/libarch__arm__core__cortex_m.a(prep_c.c.obj)
                0x0000000008002e4c                z_prep_c
 .text.arch_new_thread
                0x0000000008002e94       0x38 zephyr/arch/arch/arm/core/cortex_m/libarch__arm__core__cortex_m.a(thread.c.obj)
                0x0000000008002e94                arch_new_thread
 .text.z_check_thread_stack_fail
                0x0000000008002ecc       0x30 zephyr/arch/arch/arm/core/cortex_m/libarch__arm__core__cortex_m.a(thread.c.obj)
                0x0000000008002ecc                z_check_thread_stack_fail
 .text.arch_switch_to_main_thread
                0x0000000008002efc       0x48 zephyr/arch/arch/arm/core/cortex_m/libarch__arm__core__cortex_m.a(thread.c.obj)
                0x0000000008002efc                arch_switch_to_main_thread
 .text.z_arm_cpu_idle_init
                0x0000000008002f44        0xc zephyr/arch/arch/arm/core/cortex_m/libarch__arm__core__cortex_m.a(cpu_idle.c.obj)
                0x0000000008002f44                z_arm_cpu_idle_init
 .text.z_arm_interrupt_init
                0x0000000008002f50       0x18 zephyr/arch/arch/arm/core/cortex_m/libarch__arm__core__cortex_m.a(irq_init.c.obj)
                0x0000000008002f50                z_arm_interrupt_init
 .text._isr_wrapper
                0x0000000008002f68       0x24 zephyr/arch/arch/arm/core/cortex_m/libarch__arm__core__cortex_m.a(isr_wrapper.c.obj)
                0x0000000008002f68                _isr_wrapper
 .text.z_arm_configure_static_mpu_regions
                0x0000000008002f8c       0x18 zephyr/arch/arch/arm/core/mpu/libarch__arm__core__mpu.a(arm_core_mpu.c.obj)
                0x0000000008002f8c                z_arm_configure_static_mpu_regions
 .text.z_arm_configure_dynamic_mpu_regions
                0x0000000008002fa4       0x24 zephyr/arch/arch/arm/core/mpu/libarch__arm__core__mpu.a(arm_core_mpu.c.obj)
                0x0000000008002fa4                z_arm_configure_dynamic_mpu_regions
 .text.region_init
                0x0000000008002fc8       0x28 zephyr/arch/arch/arm/core/mpu/libarch__arm__core__mpu.a(arm_mpu.c.obj)
 .text.mpu_configure_regions
                0x0000000008002ff0       0x6c zephyr/arch/arch/arm/core/mpu/libarch__arm__core__mpu.a(arm_mpu.c.obj)
 .text.arm_core_mpu_enable
                0x000000000800305c       0x18 zephyr/arch/arch/arm/core/mpu/libarch__arm__core__mpu.a(arm_mpu.c.obj)
                0x000000000800305c                arm_core_mpu_enable
 .text.arm_core_mpu_disable
                0x0000000008003074       0x14 zephyr/arch/arch/arm/core/mpu/libarch__arm__core__mpu.a(arm_mpu.c.obj)
                0x0000000008003074                arm_core_mpu_disable
 .text.arm_core_mpu_configure_static_mpu_regions
                0x0000000008003088       0x14 zephyr/arch/arch/arm/core/mpu/libarch__arm__core__mpu.a(arm_mpu.c.obj)
                0x0000000008003088                arm_core_mpu_configure_static_mpu_regions
 .text.arm_core_mpu_configure_dynamic_mpu_regions
                0x000000000800309c       0x38 zephyr/arch/arch/arm/core/mpu/libarch__arm__core__mpu.a(arm_mpu.c.obj)
                0x000000000800309c                arm_core_mpu_configure_dynamic_mpu_regions
 .text.z_arm_mpu_init
                0x00000000080030d4      0x160 zephyr/arch/arch/arm/core/mpu/libarch__arm__core__mpu.a(arm_mpu.c.obj)
                0x00000000080030d4                z_arm_mpu_init
 .text.z_impl_zephyr_fputc
                0x0000000008003234       0x10 zephyr/lib/libc/picolibc/liblib__libc__picolibc.a(libc-hooks.c.obj)
                0x0000000008003234                z_impl_zephyr_fputc
 .text.__stdout_hook_install
                0x0000000008003244       0x18 zephyr/lib/libc/picolibc/liblib__libc__picolibc.a(libc-hooks.c.obj)
                0x0000000008003244                __stdout_hook_install
 .text.cbvprintf
                0x000000000800325c       0x38 zephyr/lib/libc/picolibc/liblib__libc__picolibc.a(libc-hooks.c.obj)
                0x000000000800325c                cbvprintf
 .text.malloc_prepare
                0x0000000008003294       0x24 zephyr/lib/libc/common/liblib__libc__common.a(malloc.c.obj)
 .text.stm32_exti_isr
                0x00000000080032b8       0x4c zephyr/drivers/interrupt_controller/libdrivers__interrupt_controller.a(intc_exti_stm32.c.obj)
 .text.stm32_fill_irq_table
                0x0000000008003304       0x18 zephyr/drivers/interrupt_controller/libdrivers__interrupt_controller.a(intc_exti_stm32.c.obj)
 .text.stm32_exti_enable
                0x000000000800331c       0x24 zephyr/drivers/interrupt_controller/libdrivers__interrupt_controller.a(intc_exti_stm32.c.obj)
                0x000000000800331c                stm32_exti_enable
 .text.stm32_exti_disable
                0x0000000008003340       0x18 zephyr/drivers/interrupt_controller/libdrivers__interrupt_controller.a(intc_exti_stm32.c.obj)
                0x0000000008003340                stm32_exti_disable
 .text.stm32_exti_trigger
                0x0000000008003358       0x60 zephyr/drivers/interrupt_controller/libdrivers__interrupt_controller.a(intc_exti_stm32.c.obj)
                0x0000000008003358                stm32_exti_trigger
 .text.stm32_exti_set_callback
                0x00000000080033b8       0x30 zephyr/drivers/interrupt_controller/libdrivers__interrupt_controller.a(intc_exti_stm32.c.obj)
                0x00000000080033b8                stm32_exti_set_callback
 .text.stm32_exti_unset_callback
                0x00000000080033e8       0x14 zephyr/drivers/interrupt_controller/libdrivers__interrupt_controller.a(intc_exti_stm32.c.obj)
                0x00000000080033e8                stm32_exti_unset_callback
 .text.stm32_clock_control_get_subsys_rate
                0x00000000080033fc       0x94 zephyr/drivers/clock_control/libdrivers__clock_control.a(clock_stm32_ll_common.c.obj)
 .text.stm32_clock_control_init
                0x0000000008003490      0x144 zephyr/drivers/clock_control/libdrivers__clock_control.a(clock_stm32_ll_common.c.obj)
                0x0000000008003490                stm32_clock_control_init
 .text.get_pllsrc_frequency
                0x00000000080035d4        0x8 zephyr/drivers/clock_control/libdrivers__clock_control.a(clock_stm32g4.c.obj)
                0x00000000080035d4                get_pllsrc_frequency
 .text.config_pll_sysclock
                0x00000000080035dc       0x34 zephyr/drivers/clock_control/libdrivers__clock_control.a(clock_stm32g4.c.obj)
                0x00000000080035dc                config_pll_sysclock
 .text.config_enable_default_clocks
                0x0000000008003610       0x20 zephyr/drivers/clock_control/libdrivers__clock_control.a(clock_stm32g4.c.obj)
                0x0000000008003610                config_enable_default_clocks
 .text.uart_console_init
                0x0000000008003630       0x28 zephyr/drivers/console/libdrivers__console.a(uart_console.c.obj)
 .text.console_out
                0x0000000008003658       0x28 zephyr/drivers/console/libdrivers__console.a(uart_console.c.obj)
 .text.gpio_stm32_init
                0x0000000008003680       0x30 zephyr/drivers/gpio/libdrivers__gpio.a(gpio_stm32.c.obj)
 .text.gpio_stm32_pin_interrupt_configure
                0x00000000080036b0      0x118 zephyr/drivers/gpio/libdrivers__gpio.a(gpio_stm32.c.obj)
 .text.pinctrl_configure_pins
                0x00000000080037c8       0x84 zephyr/drivers/pinctrl/libdrivers__pinctrl.a(pinctrl_stm32.c.obj)
                0x00000000080037c8                pinctrl_configure_pins
 .text.uart_stm32_cfg2ll_stopbits
                0x000000000800384c       0x38 zephyr/drivers/serial/libdrivers__serial.a(uart_stm32.c.obj)
 .text.uart_stm32_irq_err_enable
                0x0000000008003884       0x60 zephyr/drivers/serial/libdrivers__serial.a(uart_stm32.c.obj)
 .text.uart_stm32_irq_err_disable
                0x00000000080038e4       0x60 zephyr/drivers/serial/libdrivers__serial.a(uart_stm32.c.obj)
 .text.lpuartdiv_calc
                0x0000000008003944       0x30 zephyr/drivers/serial/libdrivers__serial.a(uart_stm32.c.obj)
                0x0000000008003944                lpuartdiv_calc
 .text.uart_stm32_set_baudrate
                0x0000000008003974       0xb0 zephyr/drivers/serial/libdrivers__serial.a(uart_stm32.c.obj)
 .text.uart_stm32_configure
                0x0000000008003a24      0x100 zephyr/drivers/serial/libdrivers__serial.a(uart_stm32.c.obj)
 .text.uart_stm32_init
                0x0000000008003b24      0x158 zephyr/drivers/serial/libdrivers__serial.a(uart_stm32.c.obj)
 .text.elapsed  0x0000000008003c7c       0x4c zephyr/drivers/timer/libdrivers__timer.a(cortex_m_systick.c.obj)
 .text.sys_clock_driver_init
                0x0000000008003cc8       0x38 zephyr/drivers/timer/libdrivers__timer.a(cortex_m_systick.c.obj)
 .text.sys_clock_isr
                0x0000000008003d00       0x54 zephyr/drivers/timer/libdrivers__timer.a(cortex_m_systick.c.obj)
                0x0000000008003d00                sys_clock_isr
 .text.sys_clock_set_timeout
                0x0000000008003d54       0xf8 zephyr/drivers/timer/libdrivers__timer.a(cortex_m_systick.c.obj)
                0x0000000008003d54                sys_clock_set_timeout
 .text.sys_clock_elapsed
                0x0000000008003e4c       0x3c zephyr/drivers/timer/libdrivers__timer.a(cortex_m_systick.c.obj)
                0x0000000008003e4c                sys_clock_elapsed
 .text.sys_clock_cycle_get_32
                0x0000000008003e88       0x28 zephyr/drivers/timer/libdrivers__timer.a(cortex_m_systick.c.obj)
                0x0000000008003e88                sys_clock_cycle_get_32
 .text.HAL_RCC_GetSysClockFreq
                0x0000000008003eb0       0x6c modules/stm32/stm32cube/lib..__modules__hal__stm32__stm32cube.a(stm32g4xx_hal_rcc.c.obj)
                0x0000000008003eb0                HAL_RCC_GetSysClockFreq
 .text.LL_SetFlashLatency
                0x0000000008003f1c       0xdc modules/stm32/stm32cube/lib..__modules__hal__stm32__stm32cube.a(stm32g4xx_ll_utils.c.obj)
                0x0000000008003f1c                LL_SetFlashLatency
 .text.z_device_get_all_static
                0x0000000008003ff8       0x18 zephyr/kernel/libkernel.a(device.c.obj)
                0x0000000008003ff8                z_device_get_all_static
 .text.z_fatal_error
                0x0000000008004010       0x30 zephyr/kernel/libkernel.a(fatal.c.obj)
                0x0000000008004010                z_fatal_error
 .text.z_sys_init_run_level
                0x0000000008004040       0x2c zephyr/kernel/libkernel.a(init.c.obj)
 .text.bg_thread_main
                0x000000000800406c       0xc0 zephyr/kernel/libkernel.a(init.c.obj)
 .text.z_bss_zero
                0x000000000800412c       0x18 zephyr/kernel/libkernel.a(init.c.obj)
                0x000000000800412c                z_bss_zero
 .text.z_init_cpu
                0x0000000008004144       0x78 zephyr/kernel/libkernel.a(init.c.obj)
                0x0000000008004144                z_init_cpu
 .text.z_cstart
                0x00000000080041bc       0xd8 zephyr/kernel/libkernel.a(init.c.obj)
                0x00000000080041bc                z_cstart
 .text.z_impl_k_mutex_lock
                0x0000000008004294       0xf0 zephyr/kernel/libkernel.a(mutex.c.obj)
                0x0000000008004294                z_impl_k_mutex_lock
 .text.z_impl_k_mutex_unlock
                0x0000000008004384       0x78 zephyr/kernel/libkernel.a(mutex.c.obj)
                0x0000000008004384                z_impl_k_mutex_unlock
 .text.z_impl_k_sem_give
                0x00000000080043fc       0x4c zephyr/kernel/libkernel.a(sem.c.obj)
                0x00000000080043fc                z_impl_k_sem_give
 .text.z_impl_k_thread_name_set
                0x0000000008004448       0x20 zephyr/kernel/libkernel.a(thread.c.obj)
                0x0000000008004448                z_impl_k_thread_name_set
 .text.k_thread_state_str
                0x0000000008004468       0x90 zephyr/kernel/libkernel.a(thread.c.obj)
                0x0000000008004468                k_thread_state_str
 .text.z_setup_new_thread
                0x00000000080044f8       0xf8 zephyr/kernel/libkernel.a(thread.c.obj)
                0x00000000080044f8                z_setup_new_thread
 .text.z_impl_k_thread_create
                0x00000000080045f0       0x58 zephyr/kernel/libkernel.a(thread.c.obj)
                0x00000000080045f0                z_impl_k_thread_create
 .text.update_cache
                0x0000000008004648       0x3c zephyr/kernel/libkernel.a(sched.c.obj)
 .text.unready_thread
                0x0000000008004684       0x30 zephyr/kernel/libkernel.a(sched.c.obj)
 .text.ready_thread
                0x00000000080046b4       0x68 zephyr/kernel/libkernel.a(sched.c.obj)
 .text.z_thread_halt
                0x000000000800471c       0xf0 zephyr/kernel/libkernel.a(sched.c.obj)
 .text.move_thread_to_end_of_prio_q
                0x000000000800480c       0x74 zephyr/kernel/libkernel.a(sched.c.obj)
                0x000000000800480c                move_thread_to_end_of_prio_q
 .text.z_pend_curr
                0x0000000008004880       0x58 zephyr/kernel/libkernel.a(sched.c.obj)
                0x0000000008004880                z_pend_curr
 .text.z_thread_prio_set
                0x00000000080048d8       0x88 zephyr/kernel/libkernel.a(sched.c.obj)
                0x00000000080048d8                z_thread_prio_set
 .text.z_reschedule
                0x0000000008004960       0x24 zephyr/kernel/libkernel.a(sched.c.obj)
                0x0000000008004960                z_reschedule
 .text.z_sched_start
                0x0000000008004984       0x3c zephyr/kernel/libkernel.a(sched.c.obj)
                0x0000000008004984                z_sched_start
 .text.z_reschedule_irqlock
                0x00000000080049c0       0x28 zephyr/kernel/libkernel.a(sched.c.obj)
                0x00000000080049c0                z_reschedule_irqlock
 .text.k_sched_lock
                0x00000000080049e8       0x28 zephyr/kernel/libkernel.a(sched.c.obj)
                0x00000000080049e8                k_sched_lock
 .text.k_sched_unlock
                0x0000000008004a10       0x40 zephyr/kernel/libkernel.a(sched.c.obj)
                0x0000000008004a10                k_sched_unlock
 .text.z_sched_init
                0x0000000008004a50       0x10 zephyr/kernel/libkernel.a(sched.c.obj)
                0x0000000008004a50                z_sched_init
 .text.z_impl_k_yield
                0x0000000008004a60       0x7c zephyr/kernel/libkernel.a(sched.c.obj)
                0x0000000008004a60                z_impl_k_yield
 .text.z_tick_sleep
                0x0000000008004adc       0x88 zephyr/kernel/libkernel.a(sched.c.obj)
 .text.z_impl_k_sleep
                0x0000000008004b64       0x3c zephyr/kernel/libkernel.a(sched.c.obj)
                0x0000000008004b64                z_impl_k_sleep
 .text.z_impl_k_sched_current_thread_query
                0x0000000008004ba0        0xc zephyr/kernel/libkernel.a(sched.c.obj)
                0x0000000008004ba0                z_impl_k_sched_current_thread_query
 .text.z_sched_wait
                0x0000000008004bac       0x24 zephyr/kernel/libkernel.a(sched.c.obj)
                0x0000000008004bac                z_sched_wait
 .text.slice_timeout
                0x0000000008004bd0       0x20 zephyr/kernel/libkernel.a(timeslicing.c.obj)
 .text.thread_is_sliceable
                0x0000000008004bf0       0x3c zephyr/kernel/libkernel.a(timeslicing.c.obj)
                0x0000000008004bf0                thread_is_sliceable
 .text.z_reset_time_slice
                0x0000000008004c2c       0x50 zephyr/kernel/libkernel.a(timeslicing.c.obj)
                0x0000000008004c2c                z_reset_time_slice
 .text.z_time_slice
                0x0000000008004c7c       0x60 zephyr/kernel/libkernel.a(timeslicing.c.obj)
                0x0000000008004c7c                z_time_slice
 .text.z_thread_monitor_exit
                0x0000000008004cdc       0x3c zephyr/kernel/libkernel.a(thread_monitor.c.obj)
                0x0000000008004cdc                z_thread_monitor_exit
 .text.k_thread_foreach_unlocked
                0x0000000008004d18       0x48 zephyr/kernel/libkernel.a(thread_monitor.c.obj)
                0x0000000008004d18                k_thread_foreach_unlocked
 .text.z_data_copy
                0x0000000008004d60       0x34 zephyr/kernel/libkernel.a(xip.c.obj)
                0x0000000008004d60                z_data_copy
 .text.elapsed  0x0000000008004d94       0x14 zephyr/kernel/libkernel.a(timeout.c.obj)
 .text.remove_timeout
                0x0000000008004da8       0x38 zephyr/kernel/libkernel.a(timeout.c.obj)
 .text.next_timeout
                0x0000000008004de0       0x40 zephyr/kernel/libkernel.a(timeout.c.obj)
 .text.z_add_timeout
                0x0000000008004e20       0xf4 zephyr/kernel/libkernel.a(timeout.c.obj)
                0x0000000008004e20                z_add_timeout
 .text.sys_clock_announce
                0x0000000008004f14       0xd0 zephyr/kernel/libkernel.a(timeout.c.obj)
                0x0000000008004f14                sys_clock_announce
 .text.sys_clock_tick_get
                0x0000000008004fe4       0x30 zephyr/kernel/libkernel.a(timeout.c.obj)
                0x0000000008004fe4                sys_clock_tick_get
 .text.z_impl_k_poll
                0x0000000008005014       0xb0 zephyr/kernel/libkernel.a(poll.c.obj)
                0x0000000008005014                z_impl_k_poll
 .text.z_impl_k_poll_signal_raise
                0x00000000080050c4       0x50 zephyr/kernel/libkernel.a(poll.c.obj)
                0x00000000080050c4                z_impl_k_poll_signal_raise
 .text.boot_banner
                0x0000000008005114        0xc zephyr/kernel/libkernel.a(banner.c.obj)
                0x0000000008005114                boot_banner
 .text.k_sys_work_q_init
                0x0000000008005120       0x34 zephyr/kernel/libkernel.a(system_work_q.c.obj)
 .text.work_queue_main
                0x0000000008005154      0x144 zephyr/kernel/libkernel.a(work.c.obj)
 .text.submit_to_queue_locked
                0x0000000008005298       0xb4 zephyr/kernel/libkernel.a(work.c.obj)
 .text.k_work_queue_start
                0x000000000800534c       0x7c zephyr/kernel/libkernel.a(work.c.obj)
                0x000000000800534c                k_work_queue_start
 .text.printf   0x00000000080053c8       0x24 /home/rjhkquantum88/zephyr-sdk-0.16.5-1/arm-zephyr-eabi/bin/../lib/gcc/../../picolibc/arm-zephyr-eabi/lib/thumb/v7e-m/nofp/libc.a(libc_tinystdio_printf.c.o)
                0x00000000080053c8                printf
 .text.snprintf
                0x00000000080053ec       0x58 /home/rjhkquantum88/zephyr-sdk-0.16.5-1/arm-zephyr-eabi/bin/../lib/gcc/../../picolibc/arm-zephyr-eabi/lib/thumb/v7e-m/nofp/libc.a(libc_tinystdio_snprintf.c.o)
                0x00000000080053ec                snprintf
 .text.strtol   0x0000000008005444       0xec /home/rjhkquantum88/zephyr-sdk-0.16.5-1/arm-zephyr-eabi/bin/../lib/gcc/../../picolibc/arm-zephyr-eabi/lib/thumb/v7e-m/nofp/libc.a(libc_tinystdio_strtol.c.o)
                0x0000000008005444                strtol
 .text.strtoul  0x0000000008005530       0xcc /home/rjhkquantum88/zephyr-sdk-0.16.5-1/arm-zephyr-eabi/bin/../lib/gcc/../../picolibc/arm-zephyr-eabi/lib/thumb/v7e-m/nofp/libc.a(libc_tinystdio_strtoul.c.o)
                0x0000000008005530                strtoul
 .text.__l_vfprintf
                0x00000000080055fc      0x4b8 /home/rjhkquantum88/zephyr-sdk-0.16.5-1/arm-zephyr-eabi/bin/../lib/gcc/../../picolibc/arm-zephyr-eabi/lib/thumb/v7e-m/nofp/libc.a(libc_tinystdio_vflprintf.c.o)
                0x00000000080055fc                __l_vfprintf
 .text._OffsetAbsSyms
                0x0000000008005ab4        0x2 zephyr/CMakeFiles/offsets.dir/./arch/arm/core/offsets/offsets.c.obj
                0x0000000008005ab4                _OffsetAbsSyms
 .text.chunk_size
                0x0000000008005ab6        0xa zephyr/libzephyr.a(heap.c.obj)
 .text.free_list_add
                0x0000000008005ac0       0x4e zephyr/libzephyr.a(heap.c.obj)
 .text.sys_heap_init
                0x0000000008005b0e       0x7a zephyr/libzephyr.a(heap.c.obj)
                0x0000000008005b0e                sys_heap_init
 .text.arch_printk_char_out
                0x0000000008005b88        0x4 zephyr/libzephyr.a(printk.c.obj)
                0x0000000008005b88                arch_printk_char_out
 .text.printk   0x0000000008005b8c       0x1a zephyr/libzephyr.a(printk.c.obj)
                0x0000000008005b8c                printk
 .text.ring_buf_put_claim
                0x0000000008005ba6       0x3e zephyr/libzephyr.a(ring_buffer.c.obj)
                0x0000000008005ba6                ring_buf_put_claim
 .text.ring_buf_put_finish
                0x0000000008005be4       0x2a zephyr/libzephyr.a(ring_buffer.c.obj)
                0x0000000008005be4                ring_buf_put_finish
 .text.ring_buf_put
                0x0000000008005c0e       0x3e zephyr/libzephyr.a(ring_buffer.c.obj)
                0x0000000008005c0e                ring_buf_put
 .text.ring_buf_get_claim
                0x0000000008005c4c       0x40 zephyr/libzephyr.a(ring_buffer.c.obj)
                0x0000000008005c4c                ring_buf_get_claim
 .text.ring_buf_get_finish
                0x0000000008005c8c       0x2a zephyr/libzephyr.a(ring_buffer.c.obj)
                0x0000000008005c8c                ring_buf_get_finish
 .text.ring_buf_get
                0x0000000008005cb6       0x40 zephyr/libzephyr.a(ring_buffer.c.obj)
                0x0000000008005cb6                ring_buf_get
 .text._ConfigAbsSyms
                0x0000000008005cf6        0x2 zephyr/libzephyr.a(configs.c.obj)
                0x0000000008005cf6                _ConfigAbsSyms
 .text.cmd_kernel_reboot_warm
                0x0000000008005cf8        0x8 zephyr/libzephyr.a(kernel_service.c.obj)
 .text.cmd_kernel_reboot_cold
                0x0000000008005d00        0x8 zephyr/libzephyr.a(kernel_service.c.obj)
 .text.uart_irq_tx_disable
                0x0000000008005d08        0xa zephyr/libzephyr.a(shell_uart.c.obj)
 .text.enable   0x0000000008005d12       0x12 zephyr/libzephyr.a(shell_uart.c.obj)
 .text.read     0x0000000008005d24       0x12 zephyr/libzephyr.a(shell_uart.c.obj)
 .text.uninit   0x0000000008005d36       0x20 zephyr/libzephyr.a(shell_uart.c.obj)
 .text.write    0x0000000008005d56       0x6c zephyr/libzephyr.a(shell_uart.c.obj)
 .text.uart_callback
                0x0000000008005dc2       0xe2 zephyr/libzephyr.a(shell_uart.c.obj)
 .text.cmd_buffer_clear
                0x0000000008005ea4       0x16 zephyr/libzephyr.a(shell.c.obj)
 .text.atomic_or
                0x0000000008005eba       0x1e zephyr/libzephyr.a(shell.c.obj)
 .text.atomic_and
                0x0000000008005ed8       0x1e zephyr/libzephyr.a(shell.c.obj)
 .text.k_mutex_lock
                0x0000000008005ef6        0x4 zephyr/libzephyr.a(shell.c.obj)
 .text.shell_signal_handle
                0x0000000008005efa       0x2c zephyr/libzephyr.a(shell.c.obj)
 .text.z_shell_strlen
                0x0000000008005f26        0xc zephyr/libzephyr.a(shell.c.obj)
 .text.z_shell_raw_fprintf
                0x0000000008005f32       0x1a zephyr/libzephyr.a(shell.c.obj)
 .text.transport_evt_handler
                0x0000000008005f4c       0x14 zephyr/libzephyr.a(shell.c.obj)
 .text.z_flag_cmd_ctx_set.isra.0
                0x0000000008005f60       0x16 zephyr/libzephyr.a(shell.c.obj)
 .text.z_flag_history_exit_set.isra.0
                0x0000000008005f76       0x14 zephyr/libzephyr.a(shell.c.obj)
 .text.z_flag_insert_mode_set.isra.0
                0x0000000008005f8a       0x1e zephyr/libzephyr.a(shell.c.obj)
 .text.k_mutex_unlock.isra.0
                0x0000000008005fa8        0x4 zephyr/libzephyr.a(shell.c.obj)
 .text.shell_vfprintf
                0x0000000008005fac       0x8a zephyr/libzephyr.a(shell.c.obj)
                0x0000000008005fac                shell_vfprintf
 .text.shell_fprintf_impl
                0x0000000008006036       0x1a zephyr/libzephyr.a(shell.c.obj)
                0x0000000008006036                shell_fprintf_impl
 .text.shell_prompt_change
                0x0000000008006050       0x5a zephyr/libzephyr.a(shell.c.obj)
                0x0000000008006050                shell_prompt_change
 .text.shell_get_return_value
                0x00000000080060aa       0x10 zephyr/libzephyr.a(shell.c.obj)
                0x00000000080060aa                shell_get_return_value
 .text.shell_set_bypass
                0x00000000080060ba        0xc zephyr/libzephyr.a(shell.c.obj)
                0x00000000080060ba                shell_set_bypass
 .text.z_shell_fprintf_buffer_flush
                0x00000000080060c6       0x18 zephyr/libzephyr.a(shell_fprintf.c.obj)
                0x00000000080060c6                z_shell_fprintf_buffer_flush
 .text.out_func
                0x00000000080060de       0x3c zephyr/libzephyr.a(shell_fprintf.c.obj)
 .text.z_shell_strlen
                0x000000000800611a        0xc zephyr/libzephyr.a(shell_utils.c.obj)
 .text.z_column_span_with_buffer_offsets_get
                0x0000000008006126       0x1e zephyr/libzephyr.a(shell_utils.c.obj)
                0x0000000008006126                z_column_span_with_buffer_offsets_get
 .text.z_row_span_with_buffer_offsets_get
                0x0000000008006144       0x16 zephyr/libzephyr.a(shell_utils.c.obj)
                0x0000000008006144                z_row_span_with_buffer_offsets_get
 .text.z_shell_multiline_data_calc
                0x000000000800615a       0x2c zephyr/libzephyr.a(shell_utils.c.obj)
                0x000000000800615a                z_shell_multiline_data_calc
 .text.z_shell_make_argv
                0x0000000008006186      0x1a0 zephyr/libzephyr.a(shell_utils.c.obj)
                0x0000000008006186                z_shell_make_argv
 .text.z_shell_pattern_remove
                0x0000000008006326       0x4e zephyr/libzephyr.a(shell_utils.c.obj)
                0x0000000008006326                z_shell_pattern_remove
 .text.z_shell_find_cmd
                0x0000000008006374       0x56 zephyr/libzephyr.a(shell_utils.c.obj)
                0x0000000008006374                z_shell_find_cmd
 .text.z_shell_get_last_command
                0x00000000080063ca       0x5c zephyr/libzephyr.a(shell_utils.c.obj)
                0x00000000080063ca                z_shell_get_last_command
 .text.z_shell_spaces_trim
                0x0000000008006426       0x62 zephyr/libzephyr.a(shell_utils.c.obj)
                0x0000000008006426                z_shell_spaces_trim
 .text.z_shell_cmd_trim
                0x0000000008006488       0x76 zephyr/libzephyr.a(shell_utils.c.obj)
                0x0000000008006488                z_shell_cmd_trim
 .text.z_shell_raw_fprintf
                0x00000000080064fe       0x1a zephyr/libzephyr.a(shell_ops.c.obj)
 .text.full_line_cmd.isra.0
                0x0000000008006518       0x22 zephyr/libzephyr.a(shell_ops.c.obj)
 .text.z_shell_cursor_in_empty_line
                0x000000000800653a       0x2e zephyr/libzephyr.a(shell_ops.c.obj)
                0x000000000800653a                z_shell_cursor_in_empty_line
 .text.z_shell_op_cond_next_line
                0x0000000008006568       0x1e zephyr/libzephyr.a(shell_ops.c.obj)
                0x0000000008006568                z_shell_op_cond_next_line
 .text.z_shell_op_cursor_position_synchronize
                0x0000000008006586       0x4a zephyr/libzephyr.a(shell_ops.c.obj)
                0x0000000008006586                z_shell_op_cursor_position_synchronize
 .text.z_shell_op_cursor_move
                0x00000000080065d0       0x52 zephyr/libzephyr.a(shell_ops.c.obj)
                0x00000000080065d0                z_shell_op_cursor_move
 .text.z_shell_op_cursor_word_move
                0x0000000008006622       0x7c zephyr/libzephyr.a(shell_ops.c.obj)
                0x0000000008006622                z_shell_op_cursor_word_move
 .text.z_shell_op_cursor_home_move
                0x000000000800669e        0xe zephyr/libzephyr.a(shell_ops.c.obj)
                0x000000000800669e                z_shell_op_cursor_home_move
 .text.z_shell_op_cursor_end_move
                0x00000000080066ac       0x12 zephyr/libzephyr.a(shell_ops.c.obj)
                0x00000000080066ac                z_shell_op_cursor_end_move
 .text.z_shell_op_left_arrow
                0x00000000080066be       0x12 zephyr/libzephyr.a(shell_ops.c.obj)
                0x00000000080066be                z_shell_op_left_arrow
 .text.z_shell_op_right_arrow
                0x00000000080066d0       0x16 zephyr/libzephyr.a(shell_ops.c.obj)
                0x00000000080066d0                z_shell_op_right_arrow
 .text.z_shell_op_delete_from_cursor
                0x00000000080066e6       0x1c zephyr/libzephyr.a(shell_ops.c.obj)
                0x00000000080066e6                z_shell_op_delete_from_cursor
 .text.z_shell_cmd_line_erase
                0x0000000008006702       0x38 zephyr/libzephyr.a(shell_ops.c.obj)
                0x0000000008006702                z_shell_cmd_line_erase
 .text.z_shell_write
                0x000000000800673a       0x88 zephyr/libzephyr.a(shell_ops.c.obj)
                0x000000000800673a                z_shell_write
 .text.z_shell_print_stream
                0x00000000080067c2        0x4 zephyr/libzephyr.a(shell_ops.c.obj)
                0x00000000080067c2                z_shell_print_stream
 .text.z_shell_vfprintf
                0x00000000080067c6       0x4a zephyr/libzephyr.a(shell_ops.c.obj)
                0x00000000080067c6                z_shell_vfprintf
 .text.z_shell_fprintf
                0x0000000008006810       0x1a zephyr/libzephyr.a(shell_ops.c.obj)
                0x0000000008006810                z_shell_fprintf
 .text.data_insert
                0x000000000800682a       0x74 zephyr/libzephyr.a(shell_ops.c.obj)
 .text.z_shell_op_completion_insert
                0x000000000800689e        0x4 zephyr/libzephyr.a(shell_ops.c.obj)
                0x000000000800689e                z_shell_op_completion_insert
 .text.z_shell_op_char_delete
                0x00000000080068a2       0x3e zephyr/libzephyr.a(shell_ops.c.obj)
                0x00000000080068a2                z_shell_op_char_delete
 .text.z_shell_op_char_backspace
                0x00000000080068e0       0x26 zephyr/libzephyr.a(shell_ops.c.obj)
                0x00000000080068e0                z_shell_op_char_backspace
 .text.z_shell_raw_fprintf
                0x0000000008006906       0x1a zephyr/libzephyr.a(shell_help.c.obj)
 .text.formatted_text_print.constprop.0
                0x0000000008006920       0xe2 zephyr/libzephyr.a(shell_help.c.obj)
 .text.cmd_comment
                0x0000000008006a02        0x4 zephyr/libzephyr.a(shell_cmds.c.obj)
 .text.cmd_shell_stats_reset
                0x0000000008006a06        0x8 zephyr/libzephyr.a(shell_cmds.c.obj)
 .text.z_shell_raw_fprintf
                0x0000000008006a0e       0x1a zephyr/libzephyr.a(shell_cmds.c.obj)
 .text.cmd_prompt_on
                0x0000000008006a28        0xc zephyr/libzephyr.a(shell_cmds.c.obj)
 .text.cmd_vt100_off
                0x0000000008006a34       0x22 zephyr/libzephyr.a(shell_cmds.c.obj)
 .text.cmd_bacskpace_mode_delete
                0x0000000008006a56       0x22 zephyr/libzephyr.a(shell_cmds.c.obj)
 .text.cmd_colors_off
                0x0000000008006a78       0x22 zephyr/libzephyr.a(shell_cmds.c.obj)
 .text.cmd_bacskpace_mode_backspace
                0x0000000008006a9a       0x22 zephyr/libzephyr.a(shell_cmds.c.obj)
 .text.cmd_echo_off
                0x0000000008006abc       0x22 zephyr/libzephyr.a(shell_cmds.c.obj)
 .text.cmd_colors_on
                0x0000000008006ade       0x22 zephyr/libzephyr.a(shell_cmds.c.obj)
 .text.cmd_vt100_on
                0x0000000008006b00       0x22 zephyr/libzephyr.a(shell_cmds.c.obj)
 .text.cmd_echo_on
                0x0000000008006b22       0x22 zephyr/libzephyr.a(shell_cmds.c.obj)
 .text.remove_from_tail.part.0
                0x0000000008006b44       0x24 zephyr/libzephyr.a(shell_history.c.obj)
 .text.z_shell_history_mode_exit
                0x0000000008006b68        0x6 zephyr/libzephyr.a(shell_history.c.obj)
                0x0000000008006b68                z_shell_history_mode_exit
 .text.z_shell_history_get
                0x0000000008006b6e       0x56 zephyr/libzephyr.a(shell_history.c.obj)
                0x0000000008006b6e                z_shell_history_get
 .text.z_shell_history_purge
                0x0000000008006bc4       0x18 zephyr/libzephyr.a(shell_history.c.obj)
                0x0000000008006bc4                z_shell_history_purge
 .text.z_shell_history_put
                0x0000000008006bdc       0xd0 zephyr/libzephyr.a(shell_history.c.obj)
                0x0000000008006bdc                z_shell_history_put
 .text.z_shell_history_init
                0x0000000008006cac        0xc zephyr/libzephyr.a(shell_history.c.obj)
                0x0000000008006cac                z_shell_history_init
 .text.z_shell_has_wildcard
                0x0000000008006cb8       0x28 zephyr/libzephyr.a(shell_wildcard.c.obj)
                0x0000000008006cb8                z_shell_has_wildcard
 .text.z_shell_wildcard_prepare
                0x0000000008006ce0       0x42 zephyr/libzephyr.a(shell_wildcard.c.obj)
                0x0000000008006ce0                z_shell_wildcard_prepare
 .text.z_shell_wildcard_finalize
                0x0000000008006d22       0x20 zephyr/libzephyr.a(shell_wildcard.c.obj)
                0x0000000008006d22                z_shell_wildcard_finalize
 .text.z_arm_fatal_error
                0x0000000008006d42        0xc zephyr/arch/arch/arm/core/libarch__arm__core.a(fatal.c.obj)
                0x0000000008006d42                z_arm_fatal_error
 .text.z_do_kernel_oops
                0x0000000008006d4e        0x8 zephyr/arch/arch/arm/core/libarch__arm__core.a(fatal.c.obj)
                0x0000000008006d4e                z_do_kernel_oops
 .text.z_irq_spurious
                0x0000000008006d56        0x8 zephyr/arch/arch/arm/core/cortex_m/libarch__arm__core__cortex_m.a(irq_manage.c.obj)
                0x0000000008006d56                z_irq_spurious
 .text.arch_irq_unlock_outlined
                0x0000000008006d5e        0xe zephyr/arch/arch/arm/core/cortex_m/libarch__arm__core__cortex_m.a(thread.c.obj)
                0x0000000008006d5e                arch_irq_unlock_outlined
 .text.arch_cpu_idle
                0x0000000008006d6c       0x1a zephyr/arch/arch/arm/core/cortex_m/libarch__arm__core__cortex_m.a(cpu_idle.c.obj)
                0x0000000008006d6c                arch_cpu_idle
 .text.size_to_mpu_rasr_size
                0x0000000008006d86       0x20 zephyr/arch/arch/arm/core/mpu/libarch__arm__core__mpu.a(arm_mpu.c.obj)
 .text.cbputc   0x0000000008006da6        0xc zephyr/lib/libc/picolibc/liblib__libc__picolibc.a(libc-hooks.c.obj)
 .text.picolibc_put
                0x0000000008006db2        0xa zephyr/lib/libc/picolibc/liblib__libc__picolibc.a(libc-hooks.c.obj)
 .text.foldcase
                0x0000000008006dbc       0x10 zephyr/lib/posix/options/liblib__posix__options.a(fnmatch.c.obj)
 .text.fnmatchx
                0x0000000008006dcc      0x23c zephyr/lib/posix/options/liblib__posix__options.a(fnmatch.c.obj)
 .text.fnmatch  0x0000000008007008        0x6 zephyr/lib/posix/options/liblib__posix__options.a(fnmatch.c.obj)
                0x0000000008007008                fnmatch
 .text.stm32_exti_init
                0x000000000800700e       0x92 zephyr/drivers/interrupt_controller/libdrivers__interrupt_controller.a(intc_exti_stm32.c.obj)
 .text.enabled_clock
                0x00000000080070a0       0x1e zephyr/drivers/clock_control/libdrivers__clock_control.a(clock_stm32_ll_common.c.obj)
 .text.stm32_clock_control_on
                0x00000000080070be       0x38 zephyr/drivers/clock_control/libdrivers__clock_control.a(clock_stm32_ll_common.c.obj)
 .text.stm32_clock_control_off
                0x00000000080070f6       0x24 zephyr/drivers/clock_control/libdrivers__clock_control.a(clock_stm32_ll_common.c.obj)
 .text.stm32_clock_control_configure
                0x000000000800711a       0x50 zephyr/drivers/clock_control/libdrivers__clock_control.a(clock_stm32_ll_common.c.obj)
 .text.stm32_clock_control_get_status
                0x000000000800716a       0x30 zephyr/drivers/clock_control/libdrivers__clock_control.a(clock_stm32_ll_common.c.obj)
 .text.config_regulator_voltage
                0x000000000800719a        0x2 zephyr/drivers/clock_control/libdrivers__clock_control.a(clock_stm32_ll_common.c.obj)
                0x000000000800719a                config_regulator_voltage
 .text.gpio_stm32_port_get_raw
                0x000000000800719c        0xc zephyr/drivers/gpio/libdrivers__gpio.a(gpio_stm32.c.obj)
 .text.gpio_stm32_port_set_masked_raw
                0x00000000080071a8       0x12 zephyr/drivers/gpio/libdrivers__gpio.a(gpio_stm32.c.obj)
 .text.gpio_stm32_port_set_bits_raw
                0x00000000080071ba        0xa zephyr/drivers/gpio/libdrivers__gpio.a(gpio_stm32.c.obj)
 .text.gpio_stm32_port_clear_bits_raw
                0x00000000080071c4        0xa zephyr/drivers/gpio/libdrivers__gpio.a(gpio_stm32.c.obj)
 .text.gpio_stm32_port_toggle_bits
                0x00000000080071ce        0xe zephyr/drivers/gpio/libdrivers__gpio.a(gpio_stm32.c.obj)
 .text.gpio_stm32_manage_callback
                0x00000000080071dc       0x52 zephyr/drivers/gpio/libdrivers__gpio.a(gpio_stm32.c.obj)
 .text.gpio_stm32_configure_raw.isra.0
                0x000000000800722e      0x106 zephyr/drivers/gpio/libdrivers__gpio.a(gpio_stm32.c.obj)
 .text.gpio_stm32_config
                0x0000000008007334       0x72 zephyr/drivers/gpio/libdrivers__gpio.a(gpio_stm32.c.obj)
 .text.gpio_stm32_isr
                0x00000000080073a6       0x2e zephyr/drivers/gpio/libdrivers__gpio.a(gpio_stm32.c.obj)
 .text.gpio_stm32_configure
                0x00000000080073d4       0x2a zephyr/drivers/gpio/libdrivers__gpio.a(gpio_stm32.c.obj)
                0x00000000080073d4                gpio_stm32_configure
 .text.pinctrl_lookup_state
                0x00000000080073fe       0x26 zephyr/drivers/pinctrl/libdrivers__pinctrl.a(common.c.obj)
                0x00000000080073fe                pinctrl_lookup_state
 .text.reset_stm32_status
                0x0000000008007424       0x20 zephyr/drivers/reset/libdrivers__reset.a(reset_stm32.c.obj)
 .text.reset_stm32_line_assert
                0x0000000008007444       0x1c zephyr/drivers/reset/libdrivers__reset.a(reset_stm32.c.obj)
 .text.reset_stm32_line_deassert
                0x0000000008007460       0x1e zephyr/drivers/reset/libdrivers__reset.a(reset_stm32.c.obj)
 .text.reset_stm32_line_toggle
                0x000000000800747e       0x16 zephyr/drivers/reset/libdrivers__reset.a(reset_stm32.c.obj)
 .text.uart_stm32_ll2cfg_databits
                0x0000000008007494       0x2a zephyr/drivers/serial/libdrivers__serial.a(uart_stm32.c.obj)
 .text.uart_stm32_err_check
                0x00000000080074be       0x5a zephyr/drivers/serial/libdrivers__serial.a(uart_stm32.c.obj)
 .text.uart_stm32_irq_tx_enable
                0x0000000008007518       0x16 zephyr/drivers/serial/libdrivers__serial.a(uart_stm32.c.obj)
 .text.uart_stm32_irq_tx_disable
                0x000000000800752e       0x16 zephyr/drivers/serial/libdrivers__serial.a(uart_stm32.c.obj)
 .text.uart_stm32_irq_rx_enable
                0x0000000008007544       0x16 zephyr/drivers/serial/libdrivers__serial.a(uart_stm32.c.obj)
 .text.uart_stm32_irq_rx_disable
                0x000000000800755a       0x16 zephyr/drivers/serial/libdrivers__serial.a(uart_stm32.c.obj)
 .text.uart_stm32_irq_rx_ready
                0x0000000008007570        0xc zephyr/drivers/serial/libdrivers__serial.a(uart_stm32.c.obj)
 .text.uart_stm32_irq_update
                0x000000000800757c        0x4 zephyr/drivers/serial/libdrivers__serial.a(uart_stm32.c.obj)
 .text.uart_stm32_irq_callback_set
                0x0000000008007580        0x8 zephyr/drivers/serial/libdrivers__serial.a(uart_stm32.c.obj)
 .text.uart_stm32_isr
                0x0000000008007588        0xc zephyr/drivers/serial/libdrivers__serial.a(uart_stm32.c.obj)
 .text.uart_stm32_irq_config_func_0
                0x0000000008007594       0x16 zephyr/drivers/serial/libdrivers__serial.a(uart_stm32.c.obj)
 .text.uart_stm32_irq_config_func_1
                0x00000000080075aa       0x16 zephyr/drivers/serial/libdrivers__serial.a(uart_stm32.c.obj)
 .text.uart_stm32_irq_tx_complete
                0x00000000080075c0        0xc zephyr/drivers/serial/libdrivers__serial.a(uart_stm32.c.obj)
 .text.uart_stm32_irq_tx_ready
                0x00000000080075cc       0x14 zephyr/drivers/serial/libdrivers__serial.a(uart_stm32.c.obj)
 .text.uart_stm32_config_get
                0x00000000080075e0       0x92 zephyr/drivers/serial/libdrivers__serial.a(uart_stm32.c.obj)
 .text.uart_stm32_fifo_fill
                0x0000000008007672       0x5c zephyr/drivers/serial/libdrivers__serial.a(uart_stm32.c.obj)
 .text.uart_stm32_poll_out
                0x00000000080076ce       0x36 zephyr/drivers/serial/libdrivers__serial.a(uart_stm32.c.obj)
 .text.uart_stm32_irq_is_pending
                0x0000000008007704       0x24 zephyr/drivers/serial/libdrivers__serial.a(uart_stm32.c.obj)
 .text.uart_stm32_fifo_read
                0x0000000008007728       0x44 zephyr/drivers/serial/libdrivers__serial.a(uart_stm32.c.obj)
 .text.uart_stm32_poll_in
                0x000000000800776c       0x20 zephyr/drivers/serial/libdrivers__serial.a(uart_stm32.c.obj)
 .text.uart_stm32_parameters_set
                0x000000000800778c      0x136 zephyr/drivers/serial/libdrivers__serial.a(uart_stm32.c.obj)
 .text.sys_clock_disable
                0x00000000080078c2        0xe zephyr/drivers/timer/libdrivers__timer.a(cortex_m_systick.c.obj)
                0x00000000080078c2                sys_clock_disable
 .text.z_impl_k_busy_wait
                0x00000000080078d0       0x1c zephyr/kernel/libkernel.a(busy_wait.c.obj)
                0x00000000080078d0                z_impl_k_busy_wait
 .text.z_device_state_init
                0x00000000080078ec        0x2 zephyr/kernel/libkernel.a(device.c.obj)
                0x00000000080078ec                z_device_state_init
 .text.z_impl_device_is_ready
                0x00000000080078ee       0x16 zephyr/kernel/libkernel.a(device.c.obj)
                0x00000000080078ee                z_impl_device_is_ready
 .text.arch_system_halt
                0x0000000008007904       0x10 zephyr/kernel/libkernel.a(fatal.c.obj)
                0x0000000008007904                arch_system_halt
 .text.k_sys_fatal_error_handler
                0x0000000008007914        0x6 zephyr/kernel/libkernel.a(fatal.c.obj)
                0x0000000008007914                k_sys_fatal_error_handler
 .text.do_device_init
                0x000000000800791a       0x30 zephyr/kernel/libkernel.a(init.c.obj)
 .text.z_early_memset
                0x000000000800794a        0x4 zephyr/kernel/libkernel.a(init.c.obj)
                0x000000000800794a                z_early_memset
 .text.z_early_memcpy
                0x000000000800794e        0x4 zephyr/kernel/libkernel.a(init.c.obj)
                0x000000000800794e                z_early_memcpy
 .text.idle     0x0000000008007952       0x16 zephyr/kernel/libkernel.a(idle.c.obj)
                0x0000000008007952                idle
 .text.adjust_owner_prio.isra.0
                0x0000000008007968       0x10 zephyr/kernel/libkernel.a(mutex.c.obj)
 .text.z_impl_k_mutex_init
                0x0000000008007978        0xe zephyr/kernel/libkernel.a(mutex.c.obj)
                0x0000000008007978                z_impl_k_mutex_init
 .text.k_is_in_isr
                0x0000000008007986        0xc zephyr/kernel/libkernel.a(thread.c.obj)
                0x0000000008007986                k_is_in_isr
 .text.k_thread_name_get
                0x0000000008007992        0x4 zephyr/kernel/libkernel.a(thread.c.obj)
                0x0000000008007992                k_thread_name_get
 .text.z_impl_k_thread_start
                0x0000000008007996        0x4 zephyr/kernel/libkernel.a(thread.c.obj)
                0x0000000008007996                z_impl_k_thread_start
 .text.z_stack_space_get
                0x000000000800799a       0x18 zephyr/kernel/libkernel.a(thread.c.obj)
                0x000000000800799a                z_stack_space_get
 .text.z_impl_k_thread_stack_space_get
                0x00000000080079b2        0xa zephyr/kernel/libkernel.a(thread.c.obj)
                0x00000000080079b2                z_impl_k_thread_stack_space_get
 .text.sys_dlist_remove
                0x00000000080079bc       0x10 zephyr/kernel/libkernel.a(sched.c.obj)
 .text.unpend_thread_no_timeout
                0x00000000080079cc       0x14 zephyr/kernel/libkernel.a(sched.c.obj)
 .text.add_to_waitq_locked
                0x00000000080079e0       0x50 zephyr/kernel/libkernel.a(sched.c.obj)
 .text.z_sched_prio_cmp
                0x0000000008007a30       0x12 zephyr/kernel/libkernel.a(sched.c.obj)
                0x0000000008007a30                z_sched_prio_cmp
 .text.z_ready_thread
                0x0000000008007a42       0x1e zephyr/kernel/libkernel.a(sched.c.obj)
                0x0000000008007a42                z_ready_thread
 .text.z_impl_k_thread_suspend
                0x0000000008007a60       0x32 zephyr/kernel/libkernel.a(sched.c.obj)
                0x0000000008007a60                z_impl_k_thread_suspend
 .text.z_sched_wake_thread
                0x0000000008007a92       0x42 zephyr/kernel/libkernel.a(sched.c.obj)
                0x0000000008007a92                z_sched_wake_thread
 .text.z_thread_timeout
                0x0000000008007ad4        0x8 zephyr/kernel/libkernel.a(sched.c.obj)
                0x0000000008007ad4                z_thread_timeout
 .text.z_unpend1_no_timeout
                0x0000000008007adc       0x2c zephyr/kernel/libkernel.a(sched.c.obj)
                0x0000000008007adc                z_unpend1_no_timeout
 .text.z_unpend_first_thread
                0x0000000008007b08       0x36 zephyr/kernel/libkernel.a(sched.c.obj)
                0x0000000008007b08                z_unpend_first_thread
 .text.z_unpend_thread
                0x0000000008007b3e       0x2e zephyr/kernel/libkernel.a(sched.c.obj)
                0x0000000008007b3e                z_unpend_thread
 .text.z_thread_abort
                0x0000000008007b6c       0x44 zephyr/kernel/libkernel.a(sched.c.obj)
                0x0000000008007b6c                z_thread_abort
 .text.z_sched_wake
                0x0000000008007bb0       0x46 zephyr/kernel/libkernel.a(sched.c.obj)
                0x0000000008007bb0                z_sched_wake
 .text.z_abort_timeout
                0x0000000008007bf6       0x2a zephyr/kernel/libkernel.a(timeout.c.obj)
                0x0000000008007bf6                z_abort_timeout
 .text.sys_clock_tick_get_32
                0x0000000008007c20        0x8 zephyr/kernel/libkernel.a(timeout.c.obj)
                0x0000000008007c20                sys_clock_tick_get_32
 .text.z_impl_k_uptime_ticks
                0x0000000008007c28        0x4 zephyr/kernel/libkernel.a(timeout.c.obj)
                0x0000000008007c28                z_impl_k_uptime_ticks
 .text.z_impl_k_timer_stop
                0x0000000008007c2c       0x38 zephyr/kernel/libkernel.a(timer.c.obj)
                0x0000000008007c2c                z_impl_k_timer_stop
 .text.clear_event_registrations
                0x0000000008007c64       0x5c zephyr/kernel/libkernel.a(poll.c.obj)
 .text.add_event
                0x0000000008007cc0       0x62 zephyr/kernel/libkernel.a(poll.c.obj)
 .text.register_events
                0x0000000008007d22       0xf0 zephyr/kernel/libkernel.a(poll.c.obj)
 .text.signal_poll_event
                0x0000000008007e12       0x8c zephyr/kernel/libkernel.a(poll.c.obj)
 .text.k_poll_event_init
                0x0000000008007e9e       0x1e zephyr/kernel/libkernel.a(poll.c.obj)
                0x0000000008007e9e                k_poll_event_init
 .text.z_handle_obj_poll_events
                0x0000000008007ebc       0x34 zephyr/kernel/libkernel.a(poll.c.obj)
                0x0000000008007ebc                z_handle_obj_poll_events
 .text.z_impl_k_poll_signal_init
                0x0000000008007ef0        0xa zephyr/kernel/libkernel.a(poll.c.obj)
                0x0000000008007ef0                z_impl_k_poll_signal_init
 .text.z_impl_k_poll_signal_reset
                0x0000000008007efa        0x6 zephyr/kernel/libkernel.a(poll.c.obj)
                0x0000000008007efa                z_impl_k_poll_signal_reset
 .text.z_impl_k_poll_signal_check
                0x0000000008007f00        0xa zephyr/kernel/libkernel.a(poll.c.obj)
                0x0000000008007f00                z_impl_k_poll_signal_check
 .text.flag_test_and_clear
                0x0000000008007f0a       0x16 zephyr/kernel/libkernel.a(work.c.obj)
 .text.notify_queue_locked.isra.0
                0x0000000008007f20        0xe zephyr/kernel/libkernel.a(work.c.obj)
 .text.z_work_submit_to_queue
                0x0000000008007f2e       0x26 zephyr/kernel/libkernel.a(work.c.obj)
                0x0000000008007f2e                z_work_submit_to_queue
 .text.memcmp   0x0000000008007f54       0x20 /home/rjhkquantum88/zephyr-sdk-0.16.5-1/arm-zephyr-eabi/bin/../lib/gcc/../../picolibc/arm-zephyr-eabi/lib/thumb/v7e-m/nofp/libc.a(libc_string_memcmp.c.o)
                0x0000000008007f54                memcmp
 .text.strchr   0x0000000008007f74       0x1a /home/rjhkquantum88/zephyr-sdk-0.16.5-1/arm-zephyr-eabi/bin/../lib/gcc/../../picolibc/arm-zephyr-eabi/lib/thumb/v7e-m/nofp/libc.a(libc_string_strchr.c.o)
                0x0000000008007f74                strchr
 .text.strncmp  0x0000000008007f8e       0x24 /home/rjhkquantum88/zephyr-sdk-0.16.5-1/arm-zephyr-eabi/bin/../lib/gcc/../../picolibc/arm-zephyr-eabi/lib/thumb/v7e-m/nofp/libc.a(libc_string_strncmp.c.o)
                0x0000000008007f8e                strncmp
 .text.strncpy  0x0000000008007fb2       0x20 /home/rjhkquantum88/zephyr-sdk-0.16.5-1/arm-zephyr-eabi/bin/../lib/gcc/../../picolibc/arm-zephyr-eabi/lib/thumb/v7e-m/nofp/libc.a(libc_string_strncpy.c.o)
                0x0000000008007fb2                strncpy
 .text.strnlen  0x0000000008007fd2       0x18 /home/rjhkquantum88/zephyr-sdk-0.16.5-1/arm-zephyr-eabi/bin/../lib/gcc/../../picolibc/arm-zephyr-eabi/lib/thumb/v7e-m/nofp/libc.a(libc_string_strnlen.c.o)
                0x0000000008007fd2                strnlen
 .text.strstr   0x0000000008007fea       0x2c /home/rjhkquantum88/zephyr-sdk-0.16.5-1/arm-zephyr-eabi/bin/../lib/gcc/../../picolibc/arm-zephyr-eabi/lib/thumb/v7e-m/nofp/libc.a(libc_string_strstr.c.o)
                0x0000000008007fea                strstr
 .text.__ultoa_invert
                0x0000000008008016       0xae /home/rjhkquantum88/zephyr-sdk-0.16.5-1/arm-zephyr-eabi/bin/../lib/gcc/../../picolibc/arm-zephyr-eabi/lib/thumb/v7e-m/nofp/libc.a(libc_tinystdio_vflprintf.c.o)
 .text.memcpy   0x00000000080080c4       0x1c /home/rjhkquantum88/zephyr-sdk-0.16.5-1/arm-zephyr-eabi/bin/../lib/gcc/../../picolibc/arm-zephyr-eabi/lib/thumb/v7e-m/nofp/libc.a(memcpy.c.o)
                0x00000000080080c4                memcpy
                0x00000000080080c4                __aeabi_memcpy
                0x00000000080080c4                __aeabi_memcpy4
                0x00000000080080c4                __aeabi_memcpy8
 .text.memmove  0x00000000080080e0       0x34 /home/rjhkquantum88/zephyr-sdk-0.16.5-1/arm-zephyr-eabi/bin/../lib/gcc/../../picolibc/arm-zephyr-eabi/lib/thumb/v7e-m/nofp/libc.a(memmove.c.o)
                0x00000000080080e0                memmove
                0x00000000080080e0                __aeabi_memmove8
                0x00000000080080e0                __aeabi_memmove
                0x00000000080080e0                __aeabi_memmove4
 .text.memset   0x0000000008008114       0x10 /home/rjhkquantum88/zephyr-sdk-0.16.5-1/arm-zephyr-eabi/bin/../lib/gcc/../../picolibc/arm-zephyr-eabi/lib/thumb/v7e-m/nofp/libc.a(memset.c.o)
                0x0000000008008114                memset
 .text.__file_str_put
                0x0000000008008124       0x10 /home/rjhkquantum88/zephyr-sdk-0.16.5-1/arm-zephyr-eabi/bin/../lib/gcc/../../picolibc/arm-zephyr-eabi/lib/thumb/v7e-m/nofp/libc.a(libc_tinystdio_filestrput.c.o)
                0x0000000008008124                __file_str_put
 *(SORT_BY_ALIGNMENT(.TEXT.*))
 .TEXT.__aeabi_read_tp
                0x0000000008008134        0xc zephyr/arch/arch/arm/core/cortex_m/libarch__arm__core__cortex_m.a(__aeabi_read_tp.S.obj)
                0x0000000008008134                __aeabi_read_tp
 *(SORT_BY_ALIGNMENT(.gnu.linkonce.t.*))
 *(SORT_BY_ALIGNMENT(.glue_7t))
 .glue_7t       0x0000000008008140        0x0 linker stubs
 *(SORT_BY_ALIGNMENT(.glue_7))
 .glue_7        0x0000000008008140        0x0 linker stubs
 *(SORT_BY_ALIGNMENT(.vfp11_veneer))
 .vfp11_veneer  0x0000000008008140        0x0 linker stubs
 *(SORT_BY_ALIGNMENT(.v4_bx))
 .v4_bx         0x0000000008008140        0x0 linker stubs
                0x0000000008008140                . = ALIGN (0x4)
                0x0000000008008140                __text_region_end = .

.ARM.exidx      0x0000000008008140        0x8
                0x0000000008008140                __exidx_start = .
 *(SORT_BY_ALIGNMENT(.ARM.exidx*) SORT_BY_ALIGNMENT(gnu.linkonce.armexidx.*))
 .ARM.exidx     0x0000000008008140        0x8 /home/rjhkquantum88/zephyr-sdk-0.16.5-1/arm-zephyr-eabi/bin/../lib/gcc/arm-zephyr-eabi/12.2.0/thumb/v7e-m/nofp/libgcc.a(_udivmoddi4.o)
 .ARM.exidx     0x0000000008008148        0x0 /home/rjhkquantum88/zephyr-sdk-0.16.5-1/arm-zephyr-eabi/bin/../lib/gcc/../../picolibc/arm-zephyr-eabi/lib/thumb/v7e-m/nofp/libc.a(strcmp.S.o)
                                          0x8 (size before relaxing)
 .ARM.exidx     0x0000000008008148        0x0 /home/rjhkquantum88/zephyr-sdk-0.16.5-1/arm-zephyr-eabi/bin/../lib/gcc/../../picolibc/arm-zephyr-eabi/lib/thumb/v7e-m/nofp/libc.a(strcpy.S.o)
                                          0x8 (size before relaxing)
 .ARM.exidx     0x0000000008008148        0x0 /home/rjhkquantum88/zephyr-sdk-0.16.5-1/arm-zephyr-eabi/bin/../lib/gcc/../../picolibc/arm-zephyr-eabi/lib/thumb/v7e-m/nofp/libc.a(strlen.S.o)
                                          0x8 (size before relaxing)
                0x0000000008008148                __exidx_end = .
                0x0000000008008148                __rodata_region_start = .

initlevel       0x0000000008008148       0x98
                0x0000000008008148                __init_start = .
                0x0000000008008148                __init_EARLY_start = .
 *(SORT_BY_NAME(SORT_BY_ALIGNMENT(.z_init_EARLY?_*)))
 *(SORT_BY_NAME(SORT_BY_ALIGNMENT(.z_init_EARLY??_*)))
                0x0000000008008148                __init_PRE_KERNEL_1_start = .
 *(SORT_BY_NAME(SORT_BY_ALIGNMENT(.z_init_PRE_KERNEL_1?_*)))
 .z_init_PRE_KERNEL_10_0_
                0x0000000008008148        0x8 zephyr/libzephyr.a(soc.c.obj)
 .z_init_PRE_KERNEL_11_00009_
                0x0000000008008150        0x8 zephyr/drivers/clock_control/libdrivers__clock_control.a(clock_stm32_ll_common.c.obj)
 .z_init_PRE_KERNEL_11_0_
                0x0000000008008158        0x8 zephyr/libzephyr.a(soc_config.c.obj)
 *(SORT_BY_NAME(SORT_BY_ALIGNMENT(.z_init_PRE_KERNEL_1??_*)))
 .z_init_PRE_KERNEL_135_00042_
                0x0000000008008160        0x8 zephyr/drivers/reset/libdrivers__reset.a(reset_stm32.c.obj)
 .z_init_PRE_KERNEL_140_00036_
                0x0000000008008168        0x8 zephyr/drivers/gpio/libdrivers__gpio.a(gpio_stm32.c.obj)
 .z_init_PRE_KERNEL_140_00039_
                0x0000000008008170        0x8 zephyr/drivers/gpio/libdrivers__gpio.a(gpio_stm32.c.obj)
 .z_init_PRE_KERNEL_140_00065_
                0x0000000008008178        0x8 zephyr/drivers/interrupt_controller/libdrivers__interrupt_controller.a(intc_exti_stm32.c.obj)
 .z_init_PRE_KERNEL_140_00090_
                0x0000000008008180        0x8 zephyr/drivers/gpio/libdrivers__gpio.a(gpio_stm32.c.obj)
 .z_init_PRE_KERNEL_140_00112_
                0x0000000008008188        0x8 zephyr/drivers/gpio/libdrivers__gpio.a(gpio_stm32.c.obj)
 .z_init_PRE_KERNEL_140_00113_
                0x0000000008008190        0x8 zephyr/drivers/gpio/libdrivers__gpio.a(gpio_stm32.c.obj)
 .z_init_PRE_KERNEL_140_00114_
                0x0000000008008198        0x8 zephyr/drivers/gpio/libdrivers__gpio.a(gpio_stm32.c.obj)
 .z_init_PRE_KERNEL_140_00115_
                0x00000000080081a0        0x8 zephyr/drivers/gpio/libdrivers__gpio.a(gpio_stm32.c.obj)
 .z_init_PRE_KERNEL_150_00076_
                0x00000000080081a8        0x8 zephyr/drivers/serial/libdrivers__serial.a(uart_stm32.c.obj)
 .z_init_PRE_KERNEL_150_00079_
                0x00000000080081b0        0x8 zephyr/drivers/serial/libdrivers__serial.a(uart_stm32.c.obj)
 .z_init_PRE_KERNEL_160_0_
                0x00000000080081b8        0x8 zephyr/drivers/console/libdrivers__console.a(uart_console.c.obj)
                0x00000000080081c0                __init_PRE_KERNEL_2_start = .
 *(SORT_BY_NAME(SORT_BY_ALIGNMENT(.z_init_PRE_KERNEL_2?_*)))
 .z_init_PRE_KERNEL_20_0_
                0x00000000080081c0        0x8 zephyr/drivers/timer/libdrivers__timer.a(cortex_m_systick.c.obj)
 *(SORT_BY_NAME(SORT_BY_ALIGNMENT(.z_init_PRE_KERNEL_2??_*)))
                0x00000000080081c8                __init_POST_KERNEL_start = .
 *(SORT_BY_NAME(SORT_BY_ALIGNMENT(.z_init_POST_KERNEL?_*)))
 *(SORT_BY_NAME(SORT_BY_ALIGNMENT(.z_init_POST_KERNEL??_*)))
 .z_init_POST_KERNEL40_0_
                0x00000000080081c8        0x8 zephyr/lib/libc/common/liblib__libc__common.a(malloc.c.obj)
 .z_init_POST_KERNEL40_0_
                0x00000000080081d0        0x8 zephyr/kernel/libkernel.a(system_work_q.c.obj)
 .z_init_POST_KERNEL90_0_
                0x00000000080081d8        0x8 zephyr/libzephyr.a(shell_uart.c.obj)
                0x00000000080081e0                __init_APPLICATION_start = .
 *(SORT_BY_NAME(SORT_BY_ALIGNMENT(.z_init_APPLICATION?_*)))
 *(SORT_BY_NAME(SORT_BY_ALIGNMENT(.z_init_APPLICATION??_*)))
                0x00000000080081e0                __init_SMP_start = .
 *(SORT_BY_NAME(SORT_BY_ALIGNMENT(.z_init_SMP?_*)))
 *(SORT_BY_NAME(SORT_BY_ALIGNMENT(.z_init_SMP??_*)))
                0x00000000080081e0                __init_end = .
                0x00000000080081e0                __deferred_init_list_start = .
 *(SORT_BY_ALIGNMENT(.z_deferred_init))
                0x00000000080081e0                __deferred_init_list_end = .

device_area     0x00000000080081e0       0xf0
                0x00000000080081e0                _device_list_start = .
 *(SORT_BY_NAME(SORT_BY_ALIGNMENT(._device.static.*_?_*)))
 ._device.static.1_1_
                0x00000000080081e0       0x14 zephyr/drivers/clock_control/libdrivers__clock_control.a(clock_stm32_ll_common.c.obj)
                0x00000000080081e0                __device_dts_ord_9
 *(SORT_BY_NAME(SORT_BY_ALIGNMENT(._device.static.*_??_*)))
 ._device.static.1_35_
                0x00000000080081f4       0x14 zephyr/drivers/reset/libdrivers__reset.a(reset_stm32.c.obj)
                0x00000000080081f4                __device_dts_ord_42
 ._device.static.1_40_
                0x0000000008008208       0x14 zephyr/drivers/interrupt_controller/libdrivers__interrupt_controller.a(intc_exti_stm32.c.obj)
                0x0000000008008208                __device_dts_ord_65
 ._device.static.1_40_
                0x000000000800821c       0x8c zephyr/drivers/gpio/libdrivers__gpio.a(gpio_stm32.c.obj)
                0x000000000800821c                __device_dts_ord_115
                0x0000000008008230                __device_dts_ord_114
                0x0000000008008244                __device_dts_ord_113
                0x0000000008008258                __device_dts_ord_112
                0x000000000800826c                __device_dts_ord_36
                0x0000000008008280                __device_dts_ord_90
                0x0000000008008294                __device_dts_ord_39
 ._device.static.1_50_
                0x00000000080082a8       0x28 zephyr/drivers/serial/libdrivers__serial.a(uart_stm32.c.obj)
                0x00000000080082a8                __device_dts_ord_76
                0x00000000080082bc                __device_dts_ord_79
                0x00000000080082d0                _device_list_end = .

sw_isr_table    0x00000000080082d0      0x330
                0x00000000080082d0                . = ALIGN (0x4)
 *(SORT_BY_ALIGNMENT(.gnu.linkonce.sw_isr_table*))
 .gnu.linkonce.sw_isr_table
                0x00000000080082d0      0x330 zephyr/arch/common/libisr_tables.a(isr_tables.c.obj)
                0x00000000080082d0                _sw_isr_table

initlevel_error
                0x0000000008008148        0x0
 *(SORT_BY_NAME(SORT_BY_ALIGNMENT(.z_init_[_A-Z0-9]*)))
                0x0000000000000001                ASSERT ((SIZEOF (initlevel_error) == 0x0), Undefined initialization levels used.)

app_shmem_regions
                0x0000000008008600        0x0
                0x0000000008008600                __app_shmem_regions_start = .
 *(SORT_BY_NAME(SORT_BY_ALIGNMENT(.app_regions.*)))
                0x0000000008008600                __app_shmem_regions_end = .

k_p4wq_initparam_area
                0x0000000008008600        0x0
                0x0000000008008600                _k_p4wq_initparam_list_start = .
 *(SORT_BY_NAME(SORT_BY_ALIGNMENT(._k_p4wq_initparam.static.*)))
                0x0000000008008600                _k_p4wq_initparam_list_end = .

_static_thread_data_area
                0x0000000008008600        0x0
                0x0000000008008600                __static_thread_data_list_start = .
 *(SORT_BY_NAME(SORT_BY_ALIGNMENT(.__static_thread_data.static.*)))
                0x0000000008008600                __static_thread_data_list_end = .

device_deps     0x0000000008008600        0x0
                0x0000000008008600                __device_deps_start = .
 *(SORT_BY_NAME(SORT_BY_ALIGNMENT(.__device_deps_pass2*)))
                0x0000000008008600                __device_deps_end = .

ztest           0x0000000008008600        0x0
                0x0000000008008600                _ztest_expected_result_entry_list_start = .
 *(SORT_BY_NAME(SORT_BY_ALIGNMENT(._ztest_expected_result_entry.static.*)))
                0x0000000008008600                _ztest_expected_result_entry_list_end = .
                0x0000000008008600                _ztest_suite_node_list_start = .
 *(SORT_BY_NAME(SORT_BY_ALIGNMENT(._ztest_suite_node.static.*)))
                0x0000000008008600                _ztest_suite_node_list_end = .
                0x0000000008008600                _ztest_unit_test_list_start = .
 *(SORT_BY_NAME(SORT_BY_ALIGNMENT(._ztest_unit_test.static.*)))
                0x0000000008008600                _ztest_unit_test_list_end = .
                0x0000000008008600                _ztest_test_rule_list_start = .
 *(SORT_BY_NAME(SORT_BY_ALIGNMENT(._ztest_test_rule.static.*)))
                0x0000000008008600                _ztest_test_rule_list_end = .

bt_l2cap_fixed_chan_area
                0x0000000008008600        0x0
                0x0000000008008600                _bt_l2cap_fixed_chan_list_start = .
 *(SORT_BY_NAME(SORT_BY_ALIGNMENT(._bt_l2cap_fixed_chan.static.*)))
                0x0000000008008600                _bt_l2cap_fixed_chan_list_end = .

bt_gatt_service_static_area
                0x0000000008008600        0x0
                0x0000000008008600                _bt_gatt_service_static_list_start = .
 *(SORT_BY_NAME(SORT_BY_ALIGNMENT(._bt_gatt_service_static.static.*)))
                0x0000000008008600                _bt_gatt_service_static_list_end = .

log_strings_area
                0x0000000008008600        0x0
                0x0000000008008600                _log_strings_list_start = .
 *(SORT_BY_NAME(SORT_BY_ALIGNMENT(._log_strings.static.*)))
                0x0000000008008600                _log_strings_list_end = .

log_const_area  0x0000000008008600        0x0
                0x0000000008008600                _log_const_list_start = .
 *(SORT_BY_NAME(SORT_BY_ALIGNMENT(._log_const.static.*)))
                0x0000000008008600                _log_const_list_end = .

log_backend_area
                0x0000000008008600        0x0
                0x0000000008008600                _log_backend_list_start = .
 *(SORT_BY_NAME(SORT_BY_ALIGNMENT(._log_backend.static.*)))
                0x0000000008008600                _log_backend_list_end = .

log_link_area   0x0000000008008600        0x0
                0x0000000008008600                _log_link_list_start = .
 *(SORT_BY_NAME(SORT_BY_ALIGNMENT(._log_link.static.*)))
                0x0000000008008600                _log_link_list_end = .

tracing_backend_area
                0x0000000008008600        0x0
                0x0000000008008600                _tracing_backend_list_start = .
 *(SORT_BY_NAME(SORT_BY_ALIGNMENT(._tracing_backend.static.*)))
                0x0000000008008600                _tracing_backend_list_end = .

zephyr_dbg_info
 *(SORT_BY_ALIGNMENT(.dbg_thread_info))

intc_table_area
                0x0000000008008600        0x0
                0x0000000008008600                _intc_table_list_start = .
 *(SORT_BY_NAME(SORT_BY_ALIGNMENT(._intc_table.static.*)))
                0x0000000008008600                _intc_table_list_end = .

symbol_to_keep  0x0000000008008600        0x0
                0x0000000008008600                __symbol_to_keep_start = .
 *(SORT_BY_NAME(SORT_BY_ALIGNMENT(.symbol_to_keep*)))
                0x0000000008008600                __symbol_to_keep_end = .

shell_area      0x0000000008008600       0x2c
                0x0000000008008600                _shell_list_start = .
 *(SORT_BY_NAME(SORT_BY_ALIGNMENT(._shell.static.*)))
 ._shell.static.shell_uart_
                0x0000000008008600       0x2c zephyr/libzephyr.a(shell_uart.c.obj)
                0x000000000800862c                _shell_list_end = .

shell_root_cmds_area
                0x000000000800862c       0x2c
                0x000000000800862c                _shell_root_cmds_list_start = .
 *(SORT_BY_NAME(SORT_BY_ALIGNMENT(._shell_root_cmds.static.*)))
 ._shell_root_cmds.static.shell_cmd_clear_
                0x000000000800862c        0x4 zephyr/libzephyr.a(shell_cmds.c.obj)
 ._shell_root_cmds.static.shell_cmd_device_
                0x0000000008008630        0x4 zephyr/libzephyr.a(device_service.c.obj)
 ._shell_root_cmds.static.shell_cmd_devmem_
                0x0000000008008634        0x4 zephyr/libzephyr.a(devmem_service.c.obj)
 ._shell_root_cmds.static.shell_cmd_help_
                0x0000000008008638        0x4 zephyr/libzephyr.a(shell.c.obj)
 ._shell_root_cmds.static.shell_cmd_history_
                0x000000000800863c        0x4 zephyr/libzephyr.a(shell_cmds.c.obj)
 ._shell_root_cmds.static.shell_cmd_kernel_
                0x0000000008008640        0x4 zephyr/libzephyr.a(kernel_service.c.obj)
 ._shell_root_cmds.static.shell_cmd_ledblink_off_
                0x0000000008008644        0x4 app/libapp.a(main.c.obj)
 ._shell_root_cmds.static.shell_cmd_rem_
                0x0000000008008648        0x4 zephyr/libzephyr.a(shell_cmds.c.obj)
 ._shell_root_cmds.static.shell_cmd_resize_
                0x000000000800864c        0x4 zephyr/libzephyr.a(shell_cmds.c.obj)
 ._shell_root_cmds.static.shell_cmd_retval_
                0x0000000008008650        0x4 zephyr/libzephyr.a(shell_cmds.c.obj)
 ._shell_root_cmds.static.shell_cmd_shell_
                0x0000000008008654        0x4 zephyr/libzephyr.a(shell_cmds.c.obj)
                0x0000000008008658                _shell_root_cmds_list_end = .

shell_subcmds_area
                0x0000000008008658       0x14
                0x0000000008008658                _shell_subcmds_list_start = .
 *(SORT_BY_NAME(SORT_BY_ALIGNMENT(._shell_subcmds.static.*)))
 ._shell_subcmds.static._999_
                0x0000000008008658       0x14 zephyr/libzephyr.a(shell_utils.c.obj)
                0x000000000800866c                _shell_subcmds_list_end = .

shell_dynamic_subcmds_area
                0x000000000800866c        0x0
                0x000000000800866c                _shell_dynamic_subcmds_list_start = .
 *(SORT_BY_NAME(SORT_BY_ALIGNMENT(._shell_dynamic_subcmds.static.*)))
                0x000000000800866c                _shell_dynamic_subcmds_list_end = .

cfb_font_area   0x000000000800866c        0x0
                0x000000000800866c                _cfb_font_list_start = .
 *(SORT_BY_NAME(SORT_BY_ALIGNMENT(._cfb_font.static.*)))
                0x000000000800866c                _cfb_font_list_end = .

tdata           0x000000000800866c        0x0
 *(SORT_BY_ALIGNMENT(.tdata) SORT_BY_ALIGNMENT(.tdata.*) SORT_BY_ALIGNMENT(.gnu.linkonce.td.*))

tbss            0x000000000800866c        0x8
 *(SORT_BY_ALIGNMENT(.tbss) SORT_BY_ALIGNMENT(.tbss.*) SORT_BY_ALIGNMENT(.gnu.linkonce.tb.*) SORT_BY_ALIGNMENT(.tcommon))
 .tbss.z_tls_current
                0x000000000800866c        0x4 zephyr/libzephyr.a(thread_entry.c.obj)
                0x000000000800866c                z_tls_current
 .tbss.errno    0x0000000008008670        0x4 /home/rjhkquantum88/zephyr-sdk-0.16.5-1/arm-zephyr-eabi/bin/../lib/gcc/../../picolibc/arm-zephyr-eabi/lib/thumb/v7e-m/nofp/libc.a(libc_errno_errno.c.o)
                0x0000000008008670                errno
                0x000000000800866c                PROVIDE (__tdata_start = LOADADDR (tdata))
                0x0000000000000001                PROVIDE (__tdata_align = ALIGNOF (tdata))
                0x0000000000000000                PROVIDE (__tdata_size = (((SIZEOF (tdata) + __tdata_align) - 0x1) & ~ ((__tdata_align - 0x1))))
                [!provide]                        PROVIDE (__tdata_end = (__tdata_start + __tdata_size))
                0x0000000000000004                PROVIDE (__tbss_align = ALIGNOF (tbss))
                [!provide]                        PROVIDE (__tbss_start = ADDR (tbss))
                0x0000000000000008                PROVIDE (__tbss_size = (((SIZEOF (tbss) + __tbss_align) - 0x1) & ~ ((__tbss_align - 0x1))))
                [!provide]                        PROVIDE (__tbss_end = (__tbss_start + __tbss_size))
                [!provide]                        PROVIDE (__tls_start = __tdata_start)
                [!provide]                        PROVIDE (__tls_end = __tbss_end)
                [!provide]                        PROVIDE (__tls_size = (__tbss_end - __tdata_start))

rodata          0x000000000800866c     0x18cc
 *(SORT_BY_ALIGNMENT(.rodata))
 .rodata        0x000000000800866c        0x8 zephyr/drivers/gpio/libdrivers__gpio.a(gpio_stm32.c.obj)
 .rodata        0x0000000008008674        0x8 zephyr/kernel/libkernel.a(system_work_q.c.obj)
 .rodata        0x000000000800867c       0x10 zephyr/libzephyr.a(shell.c.obj)
 .rodata        0x000000000800868c       0x12 zephyr/libzephyr.a(shell_ops.c.obj)
 .rodata        0x000000000800869e       0x1a zephyr/libzephyr.a(shell_cmds.c.obj)
 *(SORT_BY_ALIGNMENT(.rodata.*))
 .rodata._shell_ledblink_off
                0x00000000080086b8       0x14 app/libapp.a(main.c.obj)
 .rodata.mem_attr_region
                0x00000000080086cc        0x0 zephyr/libzephyr.a(mem_attr.c.obj)
 .rodata._shell_kernel
                0x00000000080086cc       0x14 zephyr/libzephyr.a(kernel_service.c.obj)
 .rodata.sub_kernel
                0x00000000080086e0        0x4 zephyr/libzephyr.a(kernel_service.c.obj)
 .rodata.shell_sub_kernel
                0x00000000080086e4       0xa0 zephyr/libzephyr.a(kernel_service.c.obj)
 .rodata.sub_kernel_reboot
                0x0000000008008784        0x4 zephyr/libzephyr.a(kernel_service.c.obj)
 .rodata.shell_sub_kernel_reboot
                0x0000000008008788       0x3c zephyr/libzephyr.a(kernel_service.c.obj)
 .rodata._shell_device
                0x00000000080087c4       0x14 zephyr/libzephyr.a(device_service.c.obj)
 .rodata.sub_device
                0x00000000080087d8        0x4 zephyr/libzephyr.a(device_service.c.obj)
 .rodata.shell_sub_device
                0x00000000080087dc       0x28 zephyr/libzephyr.a(device_service.c.obj)
 .rodata._shell_devmem
                0x0000000008008804       0x14 zephyr/libzephyr.a(devmem_service.c.obj)
 .rodata.sub_devmem
                0x0000000008008818        0x4 zephyr/libzephyr.a(devmem_service.c.obj)
 .rodata.shell_sub_devmem
                0x000000000800881c       0x3c zephyr/libzephyr.a(devmem_service.c.obj)
 .rodata.cfg_flags.0
                0x0000000008008858        0x4 zephyr/libzephyr.a(shell_uart.c.obj)
 .rodata.shell_uart_fprintf
                0x000000000800885c       0x14 zephyr/libzephyr.a(shell_uart.c.obj)
 .rodata.shell_uart_transport_api
                0x0000000008008870       0x18 zephyr/libzephyr.a(shell_uart.c.obj)
                0x0000000008008870                shell_uart_transport_api
 .rodata._shell_help
                0x0000000008008888       0x14 zephyr/libzephyr.a(shell.c.obj)
 .rodata._shell_retval
                0x000000000800889c       0x14 zephyr/libzephyr.a(shell_cmds.c.obj)
 .rodata._shell_resize
                0x00000000080088b0       0x14 zephyr/libzephyr.a(shell_cmds.c.obj)
 .rodata._shell_history
                0x00000000080088c4       0x14 zephyr/libzephyr.a(shell_cmds.c.obj)
 .rodata._shell_shell
                0x00000000080088d8       0x14 zephyr/libzephyr.a(shell_cmds.c.obj)
 .rodata._shell_clear
                0x00000000080088ec       0x14 zephyr/libzephyr.a(shell_cmds.c.obj)
 .rodata._shell_rem
                0x0000000008008900       0x14 zephyr/libzephyr.a(shell_cmds.c.obj)
 .rodata.m_sub_resize
                0x0000000008008914        0x4 zephyr/libzephyr.a(shell_cmds.c.obj)
 .rodata.shell_m_sub_resize
                0x0000000008008918       0x28 zephyr/libzephyr.a(shell_cmds.c.obj)
 .rodata.m_sub_shell
                0x0000000008008940        0x4 zephyr/libzephyr.a(shell_cmds.c.obj)
 .rodata.shell_m_sub_shell
                0x0000000008008944       0xa0 zephyr/libzephyr.a(shell_cmds.c.obj)
 .rodata.m_sub_backspace_mode
                0x00000000080089e4        0x4 zephyr/libzephyr.a(shell_cmds.c.obj)
 .rodata.shell_m_sub_backspace_mode
                0x00000000080089e8       0x3c zephyr/libzephyr.a(shell_cmds.c.obj)
 .rodata.m_sub_shell_stats
                0x0000000008008a24        0x4 zephyr/libzephyr.a(shell_cmds.c.obj)
 .rodata.shell_m_sub_shell_stats
                0x0000000008008a28       0x3c zephyr/libzephyr.a(shell_cmds.c.obj)
 .rodata.m_sub_echo
                0x0000000008008a64        0x4 zephyr/libzephyr.a(shell_cmds.c.obj)